// Vitest Snapshot v1, https://vitest.dev/guide/snapshot.html

exports[`lobe token (dark) > default 1`] = `
{
  "blue": "#60b1ff",
  "blue1": "#001740",
  "blue10": "#a7d3ff",
  "blue10A": "#a7d3ff",
  "blue11": "#e0f0ff",
  "blue11A": "#e0f0ff",
  "blue1A": "rgba(0, 88, 246, 0.26)",
  "blue2": "#00285b",
  "blue2A": "rgba(0, 111, 253, 0.36)",
  "blue3": "#003b79",
  "blue3A": "rgba(0, 123, 252, 0.48)",
  "blue4": "#004f98",
  "blue4A": "rgba(0, 132, 253, 0.6)",
  "blue5": "#0064b6",
  "blue5A": "rgba(0, 139, 253, 0.72)",
  "blue6": "#0d78ce",
  "blue6A": "rgba(16, 148, 254, 0.81)",
  "blue7": "#2d8ae0",
  "blue7A": "rgba(51, 157, 255, 0.88)",
  "blue8": "#439aed",
  "blue8A": "rgba(72, 166, 255, 0.93)",
  "blue9": "#60b1ff",
  "blue9A": "#60b1ff",
  "blueActive": "#2d8ae0",
  "blueBg": "rgba(0, 88, 246, 0.26)",
  "blueBgHover": "rgba(0, 111, 253, 0.36)",
  "blueBorder": "#004f98",
  "blueBorderHover": "#0064b6",
  "blueBorderSecondary": "#003b79",
  "blueFill": "rgba(0, 123, 252, 0.48)",
  "blueFillQuaternary": "rgba(0, 44, 233, 0.09)",
  "blueFillSecondary": "rgba(0, 111, 253, 0.36)",
  "blueFillTertiary": "rgba(0, 88, 246, 0.26)",
  "blueHover": "#a7d3ff",
  "blueText": "#60b1ff",
  "blueTextActive": "rgba(51, 157, 255, 0.88)",
  "blueTextHover": "#a7d3ff",
  "borderRadius": 8,
  "borderRadiusLG": 12,
  "borderRadiusOuter": 6,
  "borderRadiusSM": 6,
  "borderRadiusXS": 4,
  "boxShadow": "0 40px 80px rgba(0, 0, 0, 0.09), 0 20px 40px rgba(0, 0, 0, 0.08), 0 10px 20px rgba(0, 0, 0, 0.06), 0 5px 10px rgba(0, 0, 0, 0.05), 0 2px 4px rgba(0, 0, 0, 0.03)",
  "boxShadowCard": "
      0 1px 2px -2px rgba(255,255,255,0.032),
      0 3px 6px 0 rgba(255,255,255,0.024),
      0 5px 12px 4px rgba(255,255,255,0.018)
    ",
  "boxShadowDrawerDown": "
      0 -6px 16px 0 rgba(255,255,255,0.016),
      0 -3px 6px -4px rgba(255,255,255,0.024),
      0 -9px 28px 8px rgba(255,255,255,0.010000000000000002)
    ",
  "boxShadowDrawerLeft": "
      6px 0 16px 0 rgba(255,255,255,0.016),
      3px 0 6px -4px rgba(255,255,255,0.024),
      9px 0 28px 8px rgba(255,255,255,0.010000000000000002)
    ",
  "boxShadowDrawerRight": "
      -6px 0 16px 0 rgba(255,255,255,0.016),
      -3px 0 6px -4px rgba(255,255,255,0.024),
      -9px 0 28px 8px rgba(255,255,255,0.010000000000000002)
    ",
  "boxShadowDrawerUp": "
      0 6px 16px 0 rgba(255,255,255,0.016),
      0 3px 6px -4px rgba(255,255,255,0.024),
      0 9px 28px 8px rgba(255,255,255,0.010000000000000002)
    ",
  "boxShadowPopoverArrow": "2px 2px 5px rgba(255,255,255,0.010000000000000002)",
  "boxShadowSecondary": "0 17.5px 23.4px rgba(0, 0, 0, 0.06), 0 9.4px 12.5px rgba(0, 0, 0, 0.05), 0 5.25px 7px rgba(0, 0, 0, 0.03), 0 2.8px 3.7px -2px rgba(0, 0, 0, 0.02), 0 1.2px 1.5px rgba(0, 0, 0, 0.02)",
  "boxShadowTabsOverflowBottom": "inset 0 -10px 8px -8px rgba(255,255,255,0.016)",
  "boxShadowTabsOverflowLeft": "inset 10px 0 8px -8px rgba(255,255,255,0.016)",
  "boxShadowTabsOverflowRight": "inset -10px 0 8px -8px rgba(255,255,255,0.016)",
  "boxShadowTabsOverflowTop": "inset 0 10px 8px -8px rgba(255,255,255,0.016)",
  "boxShadowTertiary": "0 1px 2px rgba(0, 0, 0, 0.06), 0 2px 4px rgba(0, 0, 0, 0.03)",
  "colorBgBase": "#000",
  "colorBgBlur": "rgba(255,255,255,0.04)",
  "colorBgContainer": "#0d0d0d",
  "colorBgContainerDisabled": "rgba(255, 255, 255, 0.06)",
  "colorBgContainerSecondary": "#060606",
  "colorBgElevated": "#1a1a1a",
  "colorBgLayout": "#000000",
  "colorBgMask": "rgba(0, 0, 0, 0.44)",
  "colorBgSolid": "rgba(255,255,255,0.95)",
  "colorBgSolidActive": "rgba(255,255,255,0.9)",
  "colorBgSolidHover": "rgb(255,255,255)",
  "colorBgSpotlight": "#2d2d2d",
  "colorBgTextActive": "rgba(255, 255, 255, 0.16)",
  "colorBgTextHover": "rgba(255, 255, 255, 0.10)",
  "colorBorder": "#202020",
  "colorBorderBg": "#0d0d0d",
  "colorBorderDisabled": "#424242",
  "colorBorderSecondary": "#1a1a1a",
  "colorError": "#f4416c",
  "colorErrorActive": "#e43165",
  "colorErrorAffix": "#f4416c",
  "colorErrorBg": "#380015",
  "colorErrorBgActive": "#5b2526",
  "colorErrorBgFilledHover": "#441e1f",
  "colorErrorBgHover": "#560023",
  "colorErrorBorder": "#9d0042",
  "colorErrorBorderHover": "#c10251",
  "colorErrorFill": "rgba(255, 0, 106, 0.47)",
  "colorErrorFillQuaternary": "rgba(250, 0, 50, 0.06)",
  "colorErrorFillSecondary": "rgba(253, 0, 103, 0.34)",
  "colorErrorFillTertiary": "rgba(255, 0, 95, 0.22)",
  "colorErrorHover": "#ffb0b7",
  "colorErrorOutline": "rgba(57,0,21,0.97)",
  "colorErrorText": "#f4416c",
  "colorErrorTextActive": "#e43165",
  "colorErrorTextHover": "#ffb0b7",
  "colorFill": "rgba(255, 255, 255, 0.16)",
  "colorFillAlter": "rgba(255, 255, 255, 0.02)",
  "colorFillContent": "rgba(255, 255, 255, 0.10)",
  "colorFillContentHover": "rgba(255, 255, 255, 0.16)",
  "colorFillQuaternary": "rgba(255, 255, 255, 0.02)",
  "colorFillSecondary": "rgba(255, 255, 255, 0.10)",
  "colorFillTertiary": "rgba(255, 255, 255, 0.06)",
  "colorHighlight": "#f4416c",
  "colorIcon": "#6f6f6f",
  "colorIconHover": "#ffffff",
  "colorInfo": "#60b1ff",
  "colorInfoActive": "#2d8ae0",
  "colorInfoBg": "#001740",
  "colorInfoBgHover": "#00285b",
  "colorInfoBorder": "#004f98",
  "colorInfoBorderHover": "#0064b6",
  "colorInfoFill": "rgba(0, 123, 252, 0.48)",
  "colorInfoFillQuaternary": "rgba(0, 44, 233, 0.09)",
  "colorInfoFillSecondary": "rgba(0, 111, 253, 0.36)",
  "colorInfoFillTertiary": "rgba(0, 88, 246, 0.26)",
  "colorInfoHover": "#a7d3ff",
  "colorInfoText": "#60b1ff",
  "colorInfoTextActive": "#2d8ae0",
  "colorInfoTextHover": "#a7d3ff",
  "colorLink": "#60b1ff",
  "colorLinkActive": "#2d8ae0",
  "colorLinkHover": "#a7d3ff",
  "colorPrimary": "#eeeeee",
  "colorPrimaryActive": "#cccccc",
  "colorPrimaryBg": "#111111",
  "colorPrimaryBgHover": "#333333",
  "colorPrimaryBorder": "#666666",
  "colorPrimaryBorderHover": "#888888",
  "colorPrimaryFill": "rgba(255, 255, 255, 0.22)",
  "colorPrimaryFillQuaternary": "rgba(255, 255, 255, 0.02)",
  "colorPrimaryFillSecondary": "rgba(255, 255, 255, 0.16)",
  "colorPrimaryFillTertiary": "rgba(255, 255, 255, 0.08)",
  "colorPrimaryHover": "#ffffff",
  "colorPrimaryText": "#eeeeee",
  "colorPrimaryTextActive": "#cccccc",
  "colorPrimaryTextHover": "#ffffff",
  "colorShadow": "rgba(255, 255, 255, 0.2)",
  "colorSplit": "rgba(230,230,230,0.06)",
  "colorSuccess": "#c4f042",
  "colorSuccessActive": "#8fb81b",
  "colorSuccessBg": "#142100",
  "colorSuccessBgHover": "#253700",
  "colorSuccessBorder": "#4b6800",
  "colorSuccessBorderHover": "#608200",
  "colorSuccessFill": "rgba(177, 255, 0, 0.31)",
  "colorSuccessFillQuaternary": "rgba(100, 200, 0, 0.02)",
  "colorSuccessFillSecondary": "rgba(168, 250, 0, 0.22)",
  "colorSuccessFillTertiary": "rgba(154, 254, 0, 0.13)",
  "colorSuccessHover": "#daf685",
  "colorSuccessText": "#c4f042",
  "colorSuccessTextActive": "#8fb81b",
  "colorSuccessTextHover": "#daf685",
  "colorText": "#ffffff",
  "colorTextBase": "#fff",
  "colorTextDescription": "#6f6f6f",
  "colorTextDisabled": "#555555",
  "colorTextHeading": "#ffffff",
  "colorTextLabel": "#aaaaaa",
  "colorTextLightSolid": "#fff",
  "colorTextPlaceholder": "#555555",
  "colorTextQuaternary": "#555555",
  "colorTextSecondary": "#aaaaaa",
  "colorTextTertiary": "#6f6f6f",
  "colorWarning": "#ffb224",
  "colorWarningActive": "#eaa100",
  "colorWarningAffix": "#ffb224",
  "colorWarningBg": "#2a1b00",
  "colorWarningBgHover": "#483000",
  "colorWarningBorder": "#916400",
  "colorWarningBorderHover": "#b77e00",
  "colorWarningFill": "rgba(252, 174, 0, 0.42)",
  "colorWarningFillQuaternary": "rgba(233, 100, 0, 0.03)",
  "colorWarningFillSecondary": "rgba(248, 166, 0, 0.29)",
  "colorWarningFillTertiary": "rgba(247, 159, 0, 0.17)",
  "colorWarningHover": "#ffdcaf",
  "colorWarningOutline": "rgba(43,27,0,0.97)",
  "colorWarningText": "#ffb224",
  "colorWarningTextActive": "#eaa100",
  "colorWarningTextHover": "#ffdcaf",
  "colorWhite": "#fff",
  "controlHeight": 36,
  "controlHeightLG": 45,
  "controlHeightSM": 27,
  "controlHeightXS": 18,
  "controlInteractiveSize": 18,
  "controlItemBgActive": "#111111",
  "controlItemBgActiveDisabled": "rgba(255, 255, 255, 0.16)",
  "controlItemBgActiveHover": "#333333",
  "controlItemBgHover": "rgba(255, 255, 255, 0.06)",
  "controlOutlineWidth": 2,
  "controlPaddingHorizontal": 12,
  "controlPaddingHorizontalSM": 8,
  "controlTmpOutline": "rgba(255, 255, 255, 0.02)",
  "cyan": "#95f3d9",
  "cyan1": "#00221c",
  "cyan10": "#bdf7e4",
  "cyan10A": "rgba(195, 255, 235, 0.97)",
  "cyan11": "#dffcf0",
  "cyan11A": "rgba(225, 255, 242, 0.99)",
  "cyan1A": "rgba(0, 243, 200, 0.14)",
  "cyan2": "#003930",
  "cyan2A": "rgba(0, 248, 209, 0.23)",
  "cyan3": "#005245",
  "cyan3A": "rgba(0, 248, 209, 0.33)",
  "cyan4": "#006c5b",
  "cyan4A": "rgba(0, 251, 212, 0.43)",
  "cyan5": "#008772",
  "cyan5A": "rgba(0, 255, 215, 0.53)",
  "cyan6": "#2fa28a",
  "cyan6A": "rgba(73, 253, 216, 0.64)",
  "cyan7": "#55bca4",
  "cyan7A": "rgba(115, 254, 222, 0.74)",
  "cyan8": "#75d7be",
  "cyan8A": "rgba(138, 253, 224, 0.85)",
  "cyan9": "#95f3d9",
  "cyan9A": "rgba(155, 253, 226, 0.96)",
  "cyanActive": "#55bca4",
  "cyanBg": "rgba(0, 243, 200, 0.14)",
  "cyanBgHover": "rgba(0, 248, 209, 0.23)",
  "cyanBorder": "#006c5b",
  "cyanBorderHover": "#008772",
  "cyanBorderSecondary": "#005245",
  "cyanFill": "rgba(0, 248, 209, 0.33)",
  "cyanFillQuaternary": "rgba(0, 250, 150, 0.02)",
  "cyanFillSecondary": "rgba(0, 248, 209, 0.23)",
  "cyanFillTertiary": "rgba(0, 243, 200, 0.14)",
  "cyanHover": "#bdf7e4",
  "cyanText": "rgba(155, 253, 226, 0.96)",
  "cyanTextActive": "rgba(115, 254, 222, 0.74)",
  "cyanTextHover": "rgba(195, 255, 235, 0.97)",
  "dropShadowPopover": "drop-shadow(0 6px 16px rgba(255,255,255,0.016)) drop-shadow(0 3px 6px rgba(255,255,255,0.024)) drop-shadow(0 9px 28px rgba(255,255,255,0.010000000000000002))",
  "fontFamily": ""HarmonyOS Sans",-apple-system,BlinkMacSystemFont,"Segoe UI Variable Display","Segoe UI",Roboto,"Helvetica Neue",Arial,"/* SC */","HarmonyOS Sans SC","PingFang SC","Hiragino Sans GB","Microsoft YaHei UI","Microsoft YaHei","Source Han Sans SC","Noto Sans CJK SC","/* FALLBACK */",ui-sans-serif,system-ui,sans-serif,"/* EMOJI */","Apple Color Emoji","Segoe UI Emoji","Segoe UI Symbol","Noto Color Emoji"",
  "fontFamilyCode": "Hack,ui-monospace,SFMono-Regular,"SF Mono",Menlo,"Cascadia Code",Consolas,"Liberation Mono","/* SC */","HarmonyOS Sans SC","PingFang SC","Hiragino Sans GB","Microsoft YaHei UI","Microsoft YaHei","Source Han Sans SC","Noto Sans CJK SC","/* FALLBACK */",monospace,"/* EMOJI */","Apple Color Emoji","Segoe UI Emoji","Segoe UI Symbol","Noto Color Emoji"",
  "fontHeight": 22,
  "fontHeightLG": 24,
  "fontHeightSM": 20,
  "fontSize": 14,
  "fontSizeHeading1": 38,
  "fontSizeHeading2": 30,
  "fontSizeHeading3": 24,
  "fontSizeHeading4": 20,
  "fontSizeHeading5": 16,
  "fontSizeIcon": 12,
  "fontSizeLG": 16,
  "fontSizeSM": 12,
  "fontSizeXL": 20,
  "fontWeightStrong": 600,
  "geekblue": "#0072f5",
  "geekblue1": "#000d4c",
  "geekblue10": "#9abeff",
  "geekblue10A": "#9abeff",
  "geekblue11": "#e2ebff",
  "geekblue11A": "#e2ebff",
  "geekblue1A": "rgba(0, 43, 253, 0.3)",
  "geekblue2": "#001a69",
  "geekblue2A": "rgba(0, 62, 250, 0.42)",
  "geekblue3": "#002a8a",
  "geekblue3A": "rgba(0, 76, 251, 0.55)",
  "geekblue4": "#003bac",
  "geekblue4A": "rgba(0, 87, 253, 0.68)",
  "geekblue5": "#004cca",
  "geekblue5A": "rgba(0, 95, 252, 0.8)",
  "geekblue6": "#005ae0",
  "geekblue6A": "rgba(0, 102, 255, 0.88)",
  "geekblue7": "#0065ed",
  "geekblue7A": "rgba(0, 109, 255, 0.93)",
  "geekblue8": "#006cf3",
  "geekblue8A": "rgba(0, 112, 253, 0.96)",
  "geekblue9": "#0072f5",
  "geekblue9A": "rgba(0, 119, 255, 0.96)",
  "geekblueActive": "#0065ed",
  "geekblueBg": "rgba(0, 43, 253, 0.3)",
  "geekblueBgHover": "rgba(0, 62, 250, 0.42)",
  "geekblueBorder": "#003bac",
  "geekblueBorderHover": "#004cca",
  "geekblueBorderSecondary": "#002a8a",
  "geekblueFill": "rgba(0, 76, 251, 0.55)",
  "geekblueFillQuaternary": "rgba(0, 18, 245, 0.11)",
  "geekblueFillSecondary": "rgba(0, 62, 250, 0.42)",
  "geekblueFillTertiary": "rgba(0, 43, 253, 0.3)",
  "geekblueHover": "#9abeff",
  "geekblueText": "rgba(0, 119, 255, 0.96)",
  "geekblueTextActive": "rgba(0, 109, 255, 0.93)",
  "geekblueTextHover": "#9abeff",
  "gold": "#ffb224",
  "gold1": "#2a1b00",
  "gold10": "#ffdcaf",
  "gold10A": "#ffdcaf",
  "gold11": "#fff4eb",
  "gold11A": "#fff4eb",
  "gold1A": "rgba(247, 159, 0, 0.17)",
  "gold2": "#483000",
  "gold2A": "rgba(248, 166, 0, 0.29)",
  "gold3": "#6a4900",
  "gold3A": "rgba(252, 174, 0, 0.42)",
  "gold4": "#916400",
  "gold4A": "rgba(254, 175, 0, 0.57)",
  "gold5": "#b77e00",
  "gold5A": "rgba(254, 175, 0, 0.72)",
  "gold6": "#d59300",
  "gold6A": "rgba(254, 175, 0, 0.84)",
  "gold7": "#eaa100",
  "gold7A": "rgba(254, 175, 0, 0.92)",
  "gold8": "#f8aa00",
  "gold8A": "rgba(253, 173, 0, 0.98)",
  "gold9": "#ffb224",
  "gold9A": "#ffb224",
  "goldActive": "#eaa100",
  "goldBg": "rgba(247, 159, 0, 0.17)",
  "goldBgHover": "rgba(248, 166, 0, 0.29)",
  "goldBorder": "#916400",
  "goldBorderHover": "#b77e00",
  "goldBorderSecondary": "#6a4900",
  "goldFill": "rgba(252, 174, 0, 0.42)",
  "goldFillQuaternary": "rgba(233, 100, 0, 0.03)",
  "goldFillSecondary": "rgba(248, 166, 0, 0.29)",
  "goldFillTertiary": "rgba(247, 159, 0, 0.17)",
  "goldHover": "#ffdcaf",
  "goldText": "#ffb224",
  "goldTextActive": "rgba(254, 175, 0, 0.92)",
  "goldTextHover": "#ffdcaf",
  "gray": "#777777",
  "gray1": "#0d0d0d",
  "gray10": "#aaaaaa",
  "gray10A": "rgba(255, 255, 255, 0.66)",
  "gray11": "#dddddd",
  "gray11A": "rgba(255, 255, 255, 0.84)",
  "gray1A": "rgba(255, 255, 255, 0.06)",
  "gray2": "#1a1a1a",
  "gray2A": "rgba(255, 255, 255, 0.10)",
  "gray3": "#202020",
  "gray3A": "rgba(255, 255, 255, 0.16)",
  "gray4": "#2d2d2d",
  "gray4A": "rgba(255, 255, 255, 0.24)",
  "gray5": "#444444",
  "gray5A": "rgba(255, 255, 255, 0.28)",
  "gray6": "#555555",
  "gray6A": "rgba(255, 255, 255, 0.32)",
  "gray7": "#666666",
  "gray7A": "rgba(255, 255, 255, 0.38)",
  "gray8": "#6f6f6f",
  "gray8A": "rgba(255, 255, 255, 0.44)",
  "gray9": "#777777",
  "gray9A": "rgba(255, 255, 255, 0.5)",
  "grayActive": "#666666",
  "grayBg": "rgba(255, 255, 255, 0.06)",
  "grayBgHover": "rgba(255, 255, 255, 0.10)",
  "grayBorder": "#2d2d2d",
  "grayBorderHover": "#444444",
  "grayBorderSecondary": "#202020",
  "grayFill": "rgba(255, 255, 255, 0.16)",
  "grayFillQuaternary": "rgba(255, 255, 255, 0.02)",
  "grayFillSecondary": "rgba(255, 255, 255, 0.10)",
  "grayFillTertiary": "rgba(255, 255, 255, 0.06)",
  "grayHover": "#aaaaaa",
  "grayText": "rgba(255, 255, 255, 0.5)",
  "grayTextActive": "rgba(255, 255, 255, 0.38)",
  "grayTextHover": "rgba(255, 255, 255, 0.66)",
  "green": "#62c473",
  "green1": "#001d12",
  "green10": "#96cd92",
  "green10A": "rgba(185, 253, 180, 0.81)",
  "green11": "#cde6c3",
  "green11A": "rgba(225, 253, 214, 0.91)",
  "green1A": "rgba(0, 242, 150, 0.12)",
  "green2": "#002d1d",
  "green2A": "rgba(0, 250, 161, 0.18)",
  "green3": "#003f28",
  "green3A": "rgba(0, 252, 160, 0.25)",
  "green4": "#005232",
  "green4A": "rgba(0, 248, 152, 0.33)",
  "green5": "#00653c",
  "green5A": "rgba(0, 252, 150, 0.4)",
  "green6": "#007944",
  "green6A": "rgba(0, 252, 142, 0.48)",
  "green7": "#1b8d4d",
  "green7A": "rgba(48, 252, 137, 0.56)",
  "green8": "#3ba05a",
  "green8A": "rgba(94, 254, 143, 0.63)",
  "green9": "#62c473",
  "green9A": "rgba(120, 254, 145, 0.71)",
  "greenActive": "#1b8d4d",
  "greenBg": "rgba(0, 242, 150, 0.12)",
  "greenBgHover": "rgba(0, 250, 161, 0.18)",
  "greenBorder": "#005232",
  "greenBorderHover": "#00653c",
  "greenBorderSecondary": "#003f28",
  "greenFill": "rgba(0, 252, 160, 0.25)",
  "greenFillQuaternary": "rgba(0, 250, 150, 0.02)",
  "greenFillSecondary": "rgba(0, 250, 161, 0.18)",
  "greenFillTertiary": "rgba(0, 242, 150, 0.12)",
  "greenHover": "#96cd92",
  "greenText": "rgba(120, 254, 145, 0.71)",
  "greenTextActive": "rgba(48, 252, 137, 0.56)",
  "greenTextHover": "rgba(185, 253, 180, 0.81)",
  "lime": "#c4f042",
  "lime1": "#142100",
  "lime10": "#daf685",
  "lime10A": "rgba(225, 254, 137, 0.97)",
  "lime11": "#eefbbe",
  "lime11A": "rgba(240, 254, 192, 0.99)",
  "lime1A": "rgba(154, 254, 0, 0.13)",
  "lime2": "#253700",
  "lime2A": "rgba(168, 250, 0, 0.22)",
  "lime3": "#374f00",
  "lime3A": "rgba(177, 255, 0, 0.31)",
  "lime4": "#4b6800",
  "lime4A": "rgba(183, 254, 0, 0.41)",
  "lime5": "#608200",
  "lime5A": "rgba(188, 255, 0, 0.51)",
  "lime6": "#769d00",
  "lime6A": "rgba(190, 253, 0, 0.62)",
  "lime7": "#8fb81b",
  "lime7A": "rgba(196, 252, 37, 0.73)",
  "lime8": "#a9d42f",
  "lime8A": "rgba(204, 255, 57, 0.83)",
  "lime9": "#c4f042",
  "lime9A": "rgba(209, 255, 70, 0.94)",
  "limeActive": "#8fb81b",
  "limeBg": "rgba(154, 254, 0, 0.13)",
  "limeBgHover": "rgba(168, 250, 0, 0.22)",
  "limeBorder": "#4b6800",
  "limeBorderHover": "#608200",
  "limeBorderSecondary": "#374f00",
  "limeFill": "rgba(177, 255, 0, 0.31)",
  "limeFillQuaternary": "rgba(100, 200, 0, 0.02)",
  "limeFillSecondary": "rgba(168, 250, 0, 0.22)",
  "limeFillTertiary": "rgba(154, 254, 0, 0.13)",
  "limeHover": "#daf685",
  "limeText": "rgba(209, 255, 70, 0.94)",
  "limeTextActive": "rgba(196, 252, 37, 0.73)",
  "limeTextHover": "rgba(225, 254, 137, 0.97)",
  "lineHeight": 1.5714285714285714,
  "lineHeightHeading1": 1.2105263157894737,
  "lineHeightHeading2": 1.2666666666666666,
  "lineHeightHeading3": 1.3333333333333333,
  "lineHeightHeading4": 1.4,
  "lineHeightHeading5": 1.5,
  "lineHeightLG": 1.5,
  "lineHeightSM": 1.6666666666666667,
  "lineType": "solid",
  "lineWidth": 1,
  "lineWidthBold": 2,
  "lineWidthFocus": 3,
  "linkDecoration": "none",
  "linkFocusDecoration": "none",
  "linkHoverDecoration": "none",
  "magenta": "#e34ba9",
  "magenta1": "#350011",
  "magenta10": "#f38bcb",
  "magenta10A": "rgba(253, 145, 211, 0.96)",
  "magenta11": "#fec5e8",
  "magenta11A": "#fec5e8",
  "magenta1A": "rgba(252, 0, 81, 0.21)",
  "magenta2": "#4b001e",
  "magenta2A": "rgba(250, 0, 100, 0.3)",
  "magenta3": "#63002d",
  "magenta3A": "rgba(254, 0, 115, 0.39)",
  "magenta4": "#79093f",
  "magenta4A": "rgba(252, 19, 131, 0.48)",
  "magenta5": "#8e1752",
  "magenta5A": "rgba(254, 41, 146, 0.56)",
  "magenta6": "#a32466",
  "magenta6A": "rgba(255, 56, 159, 0.64)",
  "magenta7": "#b8317b",
  "magenta7A": "rgba(252, 67, 168, 0.73)",
  "magenta8": "#ce3e91",
  "magenta8A": "rgba(254, 77, 179, 0.81)",
  "magenta9": "#e34ba9",
  "magenta9A": "rgba(255, 84, 190, 0.89)",
  "magentaActive": "#b8317b",
  "magentaBg": "rgba(252, 0, 81, 0.21)",
  "magentaBgHover": "rgba(250, 0, 100, 0.3)",
  "magentaBorder": "#79093f",
  "magentaBorderHover": "#8e1752",
  "magentaBorderSecondary": "#63002d",
  "magentaFill": "rgba(254, 0, 115, 0.39)",
  "magentaFillQuaternary": "rgba(229, 0, 29, 0.07)",
  "magentaFillSecondary": "rgba(250, 0, 100, 0.3)",
  "magentaFillTertiary": "rgba(252, 0, 81, 0.21)",
  "magentaHover": "#f38bcb",
  "magentaText": "rgba(255, 84, 190, 0.89)",
  "magentaTextActive": "rgba(252, 67, 168, 0.73)",
  "magentaTextHover": "rgba(253, 145, 211, 0.96)",
  "margin": 16,
  "marginLG": 24,
  "marginMD": 20,
  "marginSM": 12,
  "marginXL": 32,
  "marginXS": 8,
  "marginXXL": 48,
  "marginXXS": 4,
  "motionBase": 0,
  "motionDurationFast": "0.1s",
  "motionDurationMid": "0.2s",
  "motionDurationSlow": "0.3s",
  "motionEaseInBack": "cubic-bezier(0.71, -0.46, 0.88, 0.6)",
  "motionEaseInOut": "cubic-bezier(0.645, 0.045, 0.355, 1)",
  "motionEaseInOutCirc": "cubic-bezier(0.78, 0.14, 0.15, 0.86)",
  "motionEaseInQuint": "cubic-bezier(0.755, 0.05, 0.855, 0.06)",
  "motionEaseOut": "cubic-bezier(0.215, 0.61, 0.355, 1)",
  "motionEaseOutBack": "cubic-bezier(0.12, 0.4, 0.29, 1.46)",
  "motionEaseOutCirc": "cubic-bezier(0.08, 0.82, 0.17, 1)",
  "motionEaseOutQuint": "cubic-bezier(0.23, 1, 0.32, 1)",
  "motionUnit": 0.1,
  "opacityImage": 1,
  "opacityLoading": 0.65,
  "orange": "#ff9927",
  "orange1": "#291900",
  "orange10": "#ffd1b1",
  "orange10A": "#ffd1b1",
  "orange11": "#fff1eb",
  "orange11A": "#fff1eb",
  "orange1A": "rgba(241, 147, 0, 0.17)",
  "orange2": "#462b00",
  "orange2A": "rgba(250, 154, 0, 0.28)",
  "orange3": "#684100",
  "orange3A": "rgba(254, 159, 0, 0.41)",
  "orange4": "#8e5900",
  "orange4A": "rgba(254, 159, 0, 0.56)",
  "orange5": "#b36f00",
  "orange5A": "rgba(252, 156, 0, 0.71)",
  "orange6": "#d18000",
  "orange6A": "rgba(255, 156, 0, 0.82)",
  "orange7": "#e88b00",
  "orange7A": "rgba(255, 153, 0, 0.91)",
  "orange8": "#f89200",
  "orange8A": "rgba(253, 149, 0, 0.98)",
  "orange9": "#ff9927",
  "orange9A": "#ff9927",
  "orangeActive": "#e88b00",
  "orangeBg": "rgba(241, 147, 0, 0.17)",
  "orangeBgHover": "rgba(250, 154, 0, 0.28)",
  "orangeBorder": "#8e5900",
  "orangeBorderHover": "#b36f00",
  "orangeBorderSecondary": "#684100",
  "orangeFill": "rgba(254, 159, 0, 0.41)",
  "orangeFillQuaternary": "rgba(233, 100, 0, 0.03)",
  "orangeFillSecondary": "rgba(250, 154, 0, 0.28)",
  "orangeFillTertiary": "rgba(241, 147, 0, 0.17)",
  "orangeHover": "#ffd1b1",
  "orangeText": "#ff9927",
  "orangeTextActive": "rgba(255, 153, 0, 0.91)",
  "orangeTextHover": "#ffd1b1",
  "padding": 16,
  "paddingContentHorizontal": 16,
  "paddingContentHorizontalLG": 24,
  "paddingContentHorizontalSM": 16,
  "paddingContentVertical": 12,
  "paddingContentVerticalLG": 16,
  "paddingContentVerticalSM": 8,
  "paddingLG": 24,
  "paddingMD": 20,
  "paddingSM": 12,
  "paddingXL": 32,
  "paddingXS": 8,
  "paddingXXS": 4,
  "pink": "#EB2F96",
  "pink1": "#291321",
  "pink10": "#fad2e3",
  "pink2": "#40162f",
  "pink3": "#551c3b",
  "pink4": "#75204f",
  "pink5": "#a02669",
  "pink6": "#cb2b83",
  "pink7": "#e0529c",
  "pink8": "#f37fb7",
  "pink9": "#f8a8cc",
  "pinkActive": "#e0529c",
  "pinkHover": "#a02669",
  "primary": "#eeeeee",
  "primary1": "#111111",
  "primary10": "#ffffff",
  "primary10A": "rgba(255, 255, 255, 0.92)",
  "primary11": "#ffffff",
  "primary11A": "rgba(255, 255, 255, 0.96)",
  "primary1A": "rgba(255, 255, 255, 0.08)",
  "primary2": "#333333",
  "primary2A": "rgba(255, 255, 255, 0.16)",
  "primary3": "#555555",
  "primary3A": "rgba(255, 255, 255, 0.22)",
  "primary4": "#666666",
  "primary4A": "rgba(255, 255, 255, 0.36)",
  "primary5": "#888888",
  "primary5A": "rgba(255, 255, 255, 0.48)",
  "primary6": "#aaaaaa",
  "primary6A": "rgba(255, 255, 255, 0.6)",
  "primary7": "#cccccc",
  "primary7A": "rgba(255, 255, 255, 0.72)",
  "primary8": "#dddddd",
  "primary8A": "rgba(255, 255, 255, 0.84)",
  "primary9": "#eeeeee",
  "primary9A": "rgba(255, 255, 255, 0.88)",
  "primaryActive": "#cccccc",
  "primaryBg": "rgba(255, 255, 255, 0.08)",
  "primaryBgHover": "rgba(255, 255, 255, 0.16)",
  "primaryBorder": "#666666",
  "primaryBorderHover": "#888888",
  "primaryBorderSecondary": "#555555",
  "primaryFill": "rgba(255, 255, 255, 0.22)",
  "primaryFillQuaternary": "rgba(255, 255, 255, 0.02)",
  "primaryFillSecondary": "rgba(255, 255, 255, 0.16)",
  "primaryFillTertiary": "rgba(255, 255, 255, 0.08)",
  "primaryHover": "#ffffff",
  "primaryText": "rgba(255, 255, 255, 0.88)",
  "primaryTextActive": "rgba(255, 255, 255, 0.72)",
  "primaryTextHover": "rgba(255, 255, 255, 0.92)",
  "purple": "#bd54c6",
  "purple1": "#2e002a",
  "purple10": "#d590da",
  "purple10A": "rgba(248, 167, 253, 0.86)",
  "purple11": "#edc7ee",
  "purple11A": "rgba(252, 212, 253, 0.94)",
  "purple1A": "rgba(242, 0, 221, 0.19)",
  "purple2": "#42003e",
  "purple2A": "rgba(254, 0, 238, 0.26)",
  "purple3": "#560053",
  "purple3A": "rgba(253, 0, 244, 0.34)",
  "purple4": "#670e66",
  "purple4A": "rgba(251, 34, 249, 0.41)",
  "purple5": "#781e78",
  "purple5A": "rgba(255, 64, 255, 0.47)",
  "purple6": "#892b8a",
  "purple6A": "rgba(249, 78, 251, 0.55)",
  "purple7": "#9a399e",
  "purple7A": "rgba(248, 92, 255, 0.62)",
  "purple8": "#ab46b2",
  "purple8A": "rgba(244, 100, 254, 0.7)",
  "purple9": "#bd54c6",
  "purple9A": "rgba(242, 108, 254, 0.78)",
  "purpleActive": "#9a399e",
  "purpleBg": "rgba(242, 0, 221, 0.19)",
  "purpleBgHover": "rgba(254, 0, 238, 0.26)",
  "purpleBorder": "#670e66",
  "purpleBorderHover": "#781e78",
  "purpleBorderSecondary": "#560053",
  "purpleFill": "rgba(253, 0, 244, 0.34)",
  "purpleFillQuaternary": "rgba(217, 0, 183, 0.06)",
  "purpleFillSecondary": "rgba(254, 0, 238, 0.26)",
  "purpleFillTertiary": "rgba(242, 0, 221, 0.19)",
  "purpleHover": "#d590da",
  "purpleText": "rgba(242, 108, 254, 0.78)",
  "purpleTextActive": "rgba(248, 92, 255, 0.62)",
  "purpleTextHover": "rgba(248, 167, 253, 0.86)",
  "red": "#f4416c",
  "red1": "#380015",
  "red10": "#ffb0b7",
  "red10A": "#ffb0b7",
  "red11": "#ffe8e8",
  "red11A": "#ffe8e8",
  "red1A": "rgba(255, 0, 95, 0.22)",
  "red2": "#560023",
  "red2A": "rgba(253, 0, 103, 0.34)",
  "red3": "#780032",
  "red3A": "rgba(255, 0, 106, 0.47)",
  "red4": "#9d0042",
  "red4A": "rgba(253, 0, 106, 0.62)",
  "red5": "#c10251",
  "red5A": "rgba(254, 3, 107, 0.76)",
  "red6": "#d6225d",
  "red6A": "rgba(255, 40, 111, 0.84)",
  "red7": "#e43165",
  "red7A": "rgba(253, 54, 112, 0.9)",
  "red8": "#ee3a6a",
  "red8A": "rgba(253, 62, 113, 0.94)",
  "red9": "#f4416c",
  "red9A": "rgba(254, 68, 112, 0.96)",
  "redActive": "#e43165",
  "redBg": "rgba(255, 0, 95, 0.22)",
  "redBgHover": "rgba(253, 0, 103, 0.34)",
  "redBorder": "#9d0042",
  "redBorderHover": "#c10251",
  "redBorderSecondary": "#780032",
  "redFill": "rgba(255, 0, 106, 0.47)",
  "redFillQuaternary": "rgba(250, 0, 50, 0.06)",
  "redFillSecondary": "rgba(253, 0, 103, 0.34)",
  "redFillTertiary": "rgba(255, 0, 95, 0.22)",
  "redHover": "#ffb0b7",
  "redText": "rgba(254, 68, 112, 0.96)",
  "redTextActive": "rgba(253, 54, 112, 0.9)",
  "redTextHover": "#ffb0b7",
  "screenLG": 992,
  "screenLGMax": 1199,
  "screenLGMin": 992,
  "screenMD": 768,
  "screenMDMax": 991,
  "screenMDMin": 768,
  "screenSM": 576,
  "screenSMMax": 767,
  "screenSMMin": 576,
  "screenXL": 1200,
  "screenXLMax": 1599,
  "screenXLMin": 1200,
  "screenXS": 480,
  "screenXSMax": 575,
  "screenXSMin": 480,
  "screenXXL": 1600,
  "screenXXLMax": 1919,
  "screenXXLMin": 1600,
  "screenXXXL": 1920,
  "screenXXXLMin": 1920,
  "size": 16,
  "sizeLG": 24,
  "sizeMD": 20,
  "sizeMS": 16,
  "sizePopupArrow": 16,
  "sizeSM": 12,
  "sizeStep": 4,
  "sizeUnit": 4,
  "sizeXL": 32,
  "sizeXS": 8,
  "sizeXXL": 48,
  "sizeXXS": 4,
  "volcano": "#ec5e41",
  "volcano1": "#2f0a00",
  "volcano10": "#ff9480",
  "volcano10A": "#ff9480",
  "volcano11": "#ffcbc3",
  "volcano11A": "#ffcbc3",
  "volcano1A": "rgba(247, 53, 0, 0.19)",
  "volcano2": "#451200",
  "volcano2A": "rgba(246, 64, 0, 0.28)",
  "volcano3": "#5d1900",
  "volcano3A": "rgba(251, 68, 0, 0.37)",
  "volcano4": "#762000",
  "volcano4A": "rgba(251, 68, 0, 0.47)",
  "volcano5": "#8e2a07",
  "volcano5A": "rgba(254, 75, 12, 0.56)",
  "volcano6": "#a53716",
  "volcano6A": "rgba(254, 85, 34, 0.65)",
  "volcano7": "#bc4424",
  "volcano7A": "rgba(254, 92, 49, 0.74)",
  "volcano8": "#d45132",
  "volcano8A": "rgba(255, 98, 60, 0.83)",
  "volcano9": "#ec5e41",
  "volcano9A": "rgba(254, 101, 70, 0.93)",
  "volcanoActive": "#bc4424",
  "volcanoBg": "rgba(247, 53, 0, 0.19)",
  "volcanoBgHover": "rgba(246, 64, 0, 0.28)",
  "volcanoBorder": "#762000",
  "volcanoBorderHover": "#8e2a07",
  "volcanoBorderSecondary": "#5d1900",
  "volcanoFill": "rgba(251, 68, 0, 0.37)",
  "volcanoFillQuaternary": "rgba(240, 20, 0, 0.05)",
  "volcanoFillSecondary": "rgba(246, 64, 0, 0.28)",
  "volcanoFillTertiary": "rgba(247, 53, 0, 0.19)",
  "volcanoHover": "#ff9480",
  "volcanoText": "rgba(254, 101, 70, 0.93)",
  "volcanoTextActive": "rgba(254, 92, 49, 0.74)",
  "volcanoTextHover": "#ff9480",
  "yellow": "#ffef5c",
  "yellow1": "#251d00",
  "yellow10": "#fff594",
  "yellow10A": "#fff594",
  "yellow11": "#fffad3",
  "yellow11A": "#fffad3",
  "yellow1A": "rgba(247, 193, 0, 0.15)",
  "yellow2": "#3e3300",
  "yellow2A": "rgba(248, 204, 0, 0.25)",
  "yellow3": "#584a00",
  "yellow3A": "rgba(251, 211, 0, 0.35)",
  "yellow4": "#736300",
  "yellow4A": "rgba(250, 215, 0, 0.46)",
  "yellow5": "#8e7d00",
  "yellow5A": "rgba(254, 223, 0, 0.56)",
  "yellow6": "#ab9800",
  "yellow6A": "rgba(255, 227, 0, 0.67)",
  "yellow7": "#c7b426",
  "yellow7A": "rgba(255, 231, 49, 0.78)",
  "yellow8": "#e3d142",
  "yellow8A": "rgba(255, 235, 74, 0.89)",
  "yellow9": "#ffef5c",
  "yellow9A": "#ffef5c",
  "yellowActive": "#c7b426",
  "yellowBg": "rgba(247, 193, 0, 0.15)",
  "yellowBgHover": "rgba(248, 204, 0, 0.25)",
  "yellowBorder": "#736300",
  "yellowBorderHover": "#8e7d00",
  "yellowBorderSecondary": "#584a00",
  "yellowFill": "rgba(251, 211, 0, 0.35)",
  "yellowFillQuaternary": "rgba(250, 200, 0, 0.02)",
  "yellowFillSecondary": "rgba(248, 204, 0, 0.25)",
  "yellowFillTertiary": "rgba(247, 193, 0, 0.15)",
  "yellowHover": "#fff594",
  "yellowText": "#ffef5c",
  "yellowTextActive": "rgba(255, 231, 49, 0.78)",
  "yellowTextHover": "#fff594",
  "zIndexBase": 0,
  "zIndexPopupBase": 1000,
}
`;

exports[`lobe token (dark) > neutral mauve 1`] = `
{
  "colorBgContainer": "#1c1b1e",
  "colorBgContainerDisabled": "rgba(233, 225, 250, 0.12)",
  "colorBgContainerSecondary": "#0e0d0f",
  "colorBgElevated": "#252528",
  "colorBgMask": "rgba(6, 1, 14, 0.41)",
  "colorBgSpotlight": "#3a393d",
  "colorBgTextActive": "rgba(235, 235, 250, 0.2)",
  "colorBgTextHover": "rgba(231, 231, 250, 0.16)",
  "colorBorder": "#2f2f32",
  "colorBorderBg": "#1c1b1e",
  "colorBorderSecondary": "#252528",
  "colorErrorOutline": "rgba(56,0,21,0.99)",
  "colorFill": "rgba(235, 235, 250, 0.2)",
  "colorFillContent": "rgba(231, 231, 250, 0.16)",
  "colorFillContentHover": "rgba(235, 235, 250, 0.2)",
  "colorFillSecondary": "rgba(231, 231, 250, 0.16)",
  "colorFillTertiary": "rgba(233, 225, 250, 0.12)",
  "colorIcon": "#67666a",
  "colorSplit": "rgba(208,227,230,0.05)",
  "colorTextDescription": "#67666a",
  "colorTextDisabled": "#504f53",
  "colorTextLabel": "#7f7d83",
  "colorTextPlaceholder": "#504f53",
  "colorTextQuaternary": "#504f53",
  "colorTextSecondary": "#7f7d83",
  "colorTextTertiary": "#67666a",
  "colorWarningOutline": "rgba(42,27,0,0.99)",
  "controlItemBgActiveDisabled": "rgba(235, 235, 250, 0.2)",
  "controlItemBgHover": "rgba(233, 225, 250, 0.12)",
}
`;

exports[`lobe token (dark) > neutral olive 1`] = `
{
  "colorBgContainer": "#1a1c1b",
  "colorBgContainerDisabled": "rgba(236, 255, 245, 0.11)",
  "colorBgContainerSecondary": "#0d0e0d",
  "colorBgElevated": "#232624",
  "colorBgMask": "rgba(11, 18, 4, 0.43)",
  "colorBgSpotlight": "#383a38",
  "colorBgTextActive": "rgba(237, 253, 242, 0.19)",
  "colorBgTextHover": "rgba(233, 253, 240, 0.15)",
  "colorBorder": "#2d302e",
  "colorBorderBg": "#1a1c1b",
  "colorBorderSecondary": "#232624",
  "colorErrorOutline": "rgba(56,0,21,0.99)",
  "colorFill": "rgba(237, 253, 242, 0.19)",
  "colorFillContent": "rgba(233, 253, 240, 0.15)",
  "colorFillContentHover": "rgba(237, 253, 242, 0.19)",
  "colorFillSecondary": "rgba(233, 253, 240, 0.15)",
  "colorFillTertiary": "rgba(236, 255, 245, 0.11)",
  "colorIcon": "#646763",
  "colorSplit": "rgba(206,228,207,0.05)",
  "colorTextDescription": "#646763",
  "colorTextDisabled": "#4d504d",
  "colorTextLabel": "#7c7f79",
  "colorTextPlaceholder": "#4d504d",
  "colorTextQuaternary": "#4d504d",
  "colorTextSecondary": "#7c7f79",
  "colorTextTertiary": "#646763",
  "colorWarningOutline": "rgba(42,27,0,0.99)",
  "controlItemBgActiveDisabled": "rgba(237, 253, 242, 0.19)",
  "controlItemBgHover": "rgba(236, 255, 245, 0.11)",
}
`;

exports[`lobe token (dark) > neutral sage 1`] = `
{
  "colorBgContainer": "#1a1b1c",
  "colorBgContainerDisabled": "rgba(236, 246, 255, 0.11)",
  "colorBgContainerSecondary": "#0d0d0e",
  "colorBgElevated": "#232526",
  "colorBgMask": "rgba(4, 18, 11, 0.43)",
  "colorBgSpotlight": "#383a3a",
  "colorBgTextActive": "rgba(237, 248, 253, 0.19)",
  "colorBgTextHover": "rgba(233, 246, 253, 0.15)",
  "colorBorder": "#2d2f30",
  "colorBorderBg": "#1a1b1c",
  "colorBorderSecondary": "#232526",
  "colorErrorOutline": "rgba(56,0,21,0.99)",
  "colorFill": "rgba(237, 248, 253, 0.19)",
  "colorFillContent": "rgba(233, 246, 253, 0.15)",
  "colorFillContentHover": "rgba(237, 248, 253, 0.19)",
  "colorFillSecondary": "rgba(233, 246, 253, 0.15)",
  "colorFillTertiary": "rgba(236, 246, 255, 0.11)",
  "colorIcon": "#636766",
  "colorSplit": "rgba(206,227,228,0.05)",
  "colorTextDescription": "#636766",
  "colorTextDisabled": "#4d5050",
  "colorTextLabel": "#797f7c",
  "colorTextPlaceholder": "#4d5050",
  "colorTextQuaternary": "#4d5050",
  "colorTextSecondary": "#797f7c",
  "colorTextTertiary": "#636766",
  "colorWarningOutline": "rgba(42,27,0,0.99)",
  "controlItemBgActiveDisabled": "rgba(237, 248, 253, 0.19)",
  "controlItemBgHover": "rgba(236, 246, 255, 0.11)",
}
`;

exports[`lobe token (dark) > neutral sand 1`] = `
{
  "colorBgContainer": "#1c1c18",
  "colorBgContainerDisabled": "rgba(255, 255, 218, 0.11)",
  "colorBgContainerSecondary": "#0e0e0c",
  "colorBgElevated": "#262521",
  "colorBgMask": "rgba(23, 21, 3, 0.44)",
  "colorBgSpotlight": "#3a3a35",
  "colorBgTextActive": "rgba(253, 253, 226, 0.19)",
  "colorBgTextHover": "rgba(253, 247, 220, 0.15)",
  "colorBorder": "#30302b",
  "colorBorderBg": "#1c1c18",
  "colorBorderSecondary": "#262521",
  "colorErrorOutline": "rgba(56,0,21,0.99)",
  "colorFill": "rgba(253, 253, 226, 0.19)",
  "colorFillContent": "rgba(253, 247, 220, 0.15)",
  "colorFillContentHover": "rgba(253, 253, 226, 0.19)",
  "colorFillSecondary": "rgba(253, 247, 220, 0.15)",
  "colorFillTertiary": "rgba(255, 255, 218, 0.11)",
  "colorIcon": "#67675f",
  "colorSplit": "rgba(228,208,204,0.05)",
  "colorTextDescription": "#67675f",
  "colorTextDisabled": "#505049",
  "colorTextLabel": "#7f7e76",
  "colorTextPlaceholder": "#505049",
  "colorTextQuaternary": "#505049",
  "colorTextSecondary": "#7f7e76",
  "colorTextTertiary": "#67675f",
  "colorWarningOutline": "rgba(42,27,0,0.98)",
  "controlItemBgActiveDisabled": "rgba(253, 253, 226, 0.19)",
  "controlItemBgHover": "rgba(255, 255, 218, 0.11)",
}
`;

exports[`lobe token (dark) > neutral slate 1`] = `
{
  "colorBgContainer": "#1b1c1d",
  "colorBgContainerDisabled": "rgba(225, 233, 242, 0.12)",
  "colorBgContainerSecondary": "#0d0e0e",
  "colorBgElevated": "#242527",
  "colorBgMask": "rgba(5, 10, 17, 0.42)",
  "colorBgSpotlight": "#383a3c",
  "colorBgTextActive": "rgba(230, 235, 250, 0.2)",
  "colorBgTextHover": "rgba(225, 231, 244, 0.16)",
  "colorBorder": "#2e2f32",
  "colorBorderBg": "#1b1c1d",
  "colorBorderSecondary": "#242527",
  "colorErrorOutline": "rgba(56,0,21,0.99)",
  "colorFill": "rgba(230, 235, 250, 0.2)",
  "colorFillContent": "rgba(225, 231, 244, 0.16)",
  "colorFillContentHover": "rgba(230, 235, 250, 0.2)",
  "colorFillSecondary": "rgba(225, 231, 244, 0.16)",
  "colorFillTertiary": "rgba(225, 233, 242, 0.12)",
  "colorIcon": "#64676a",
  "colorSplit": "rgba(207,208,229,0.05)",
  "colorTextDescription": "#64676a",
  "colorTextDisabled": "#4e5052",
  "colorTextLabel": "#7b7e82",
  "colorTextPlaceholder": "#4e5052",
  "colorTextQuaternary": "#4e5052",
  "colorTextSecondary": "#7b7e82",
  "colorTextTertiary": "#64676a",
  "colorWarningOutline": "rgba(42,27,0,0.99)",
  "controlItemBgActiveDisabled": "rgba(230, 235, 250, 0.2)",
  "controlItemBgHover": "rgba(225, 233, 242, 0.12)",
}
`;

exports[`lobe token (dark) > primary blue 1`] = `
{
  "colorPrimary": "#60b1ff",
  "colorPrimaryActive": "#2d8ae0",
  "colorPrimaryBg": "#001740",
  "colorPrimaryBgHover": "#00285b",
  "colorPrimaryBorder": "#004f98",
  "colorPrimaryBorderHover": "#0064b6",
  "colorPrimaryFill": "rgba(0, 123, 252, 0.48)",
  "colorPrimaryFillQuaternary": "rgba(0, 44, 233, 0.09)",
  "colorPrimaryFillSecondary": "rgba(0, 111, 253, 0.36)",
  "colorPrimaryFillTertiary": "rgba(0, 88, 246, 0.26)",
  "colorPrimaryHover": "#a7d3ff",
  "colorPrimaryText": "#60b1ff",
  "colorPrimaryTextActive": "#2d8ae0",
  "colorPrimaryTextHover": "#a7d3ff",
  "controlItemBgActive": "#001740",
  "controlItemBgActiveHover": "#00285b",
}
`;

exports[`lobe token (dark) > primary cyan 1`] = `
{
  "colorPrimary": "#95f3d9",
  "colorPrimaryActive": "#55bca4",
  "colorPrimaryBg": "#00221c",
  "colorPrimaryBgHover": "#003930",
  "colorPrimaryBorder": "#006c5b",
  "colorPrimaryBorderHover": "#008772",
  "colorPrimaryFill": "rgba(0, 248, 209, 0.33)",
  "colorPrimaryFillQuaternary": "rgba(0, 250, 150, 0.02)",
  "colorPrimaryFillSecondary": "rgba(0, 248, 209, 0.23)",
  "colorPrimaryFillTertiary": "rgba(0, 243, 200, 0.14)",
  "colorPrimaryHover": "#bdf7e4",
  "colorPrimaryText": "#95f3d9",
  "colorPrimaryTextActive": "#55bca4",
  "colorPrimaryTextHover": "#bdf7e4",
  "controlItemBgActive": "#00221c",
  "controlItemBgActiveHover": "#003930",
}
`;

exports[`lobe token (dark) > primary geekblue 1`] = `
{
  "colorPrimary": "#0072f5",
  "colorPrimaryActive": "#0065ed",
  "colorPrimaryBg": "#000d4c",
  "colorPrimaryBgHover": "#001a69",
  "colorPrimaryBorder": "#003bac",
  "colorPrimaryBorderHover": "#004cca",
  "colorPrimaryFill": "rgba(0, 76, 251, 0.55)",
  "colorPrimaryFillQuaternary": "rgba(0, 18, 245, 0.11)",
  "colorPrimaryFillSecondary": "rgba(0, 62, 250, 0.42)",
  "colorPrimaryFillTertiary": "rgba(0, 43, 253, 0.3)",
  "colorPrimaryHover": "#9abeff",
  "colorPrimaryText": "#0072f5",
  "colorPrimaryTextActive": "#0065ed",
  "colorPrimaryTextHover": "#9abeff",
  "controlItemBgActive": "#000d4c",
  "controlItemBgActiveHover": "#001a69",
}
`;

exports[`lobe token (dark) > primary gold 1`] = `
{
  "colorPrimary": "#ffb224",
  "colorPrimaryActive": "#eaa100",
  "colorPrimaryBg": "#2a1b00",
  "colorPrimaryBgHover": "#483000",
  "colorPrimaryBorder": "#916400",
  "colorPrimaryBorderHover": "#b77e00",
  "colorPrimaryFill": "rgba(252, 174, 0, 0.42)",
  "colorPrimaryFillQuaternary": "rgba(233, 100, 0, 0.03)",
  "colorPrimaryFillSecondary": "rgba(248, 166, 0, 0.29)",
  "colorPrimaryFillTertiary": "rgba(247, 159, 0, 0.17)",
  "colorPrimaryHover": "#ffdcaf",
  "colorPrimaryText": "#ffb224",
  "colorPrimaryTextActive": "#eaa100",
  "colorPrimaryTextHover": "#ffdcaf",
  "controlItemBgActive": "#2a1b00",
  "controlItemBgActiveHover": "#483000",
}
`;

exports[`lobe token (dark) > primary green 1`] = `
{
  "colorPrimary": "#62c473",
  "colorPrimaryActive": "#1b8d4d",
  "colorPrimaryBg": "#001d12",
  "colorPrimaryBgHover": "#002d1d",
  "colorPrimaryBorder": "#005232",
  "colorPrimaryBorderHover": "#00653c",
  "colorPrimaryFill": "rgba(0, 252, 160, 0.25)",
  "colorPrimaryFillQuaternary": "rgba(0, 250, 150, 0.02)",
  "colorPrimaryFillSecondary": "rgba(0, 250, 161, 0.18)",
  "colorPrimaryFillTertiary": "rgba(0, 242, 150, 0.12)",
  "colorPrimaryHover": "#96cd92",
  "colorPrimaryText": "#62c473",
  "colorPrimaryTextActive": "#1b8d4d",
  "colorPrimaryTextHover": "#96cd92",
  "controlItemBgActive": "#001d12",
  "controlItemBgActiveHover": "#002d1d",
}
`;

exports[`lobe token (dark) > primary lime 1`] = `
{
  "colorPrimary": "#c4f042",
  "colorPrimaryActive": "#8fb81b",
  "colorPrimaryBg": "#142100",
  "colorPrimaryBgHover": "#253700",
  "colorPrimaryBorder": "#4b6800",
  "colorPrimaryBorderHover": "#608200",
  "colorPrimaryFill": "rgba(177, 255, 0, 0.31)",
  "colorPrimaryFillQuaternary": "rgba(100, 200, 0, 0.02)",
  "colorPrimaryFillSecondary": "rgba(168, 250, 0, 0.22)",
  "colorPrimaryFillTertiary": "rgba(154, 254, 0, 0.13)",
  "colorPrimaryHover": "#daf685",
  "colorPrimaryText": "#c4f042",
  "colorPrimaryTextActive": "#8fb81b",
  "colorPrimaryTextHover": "#daf685",
  "controlItemBgActive": "#142100",
  "controlItemBgActiveHover": "#253700",
}
`;

exports[`lobe token (dark) > primary magenta 1`] = `
{
  "colorPrimary": "#e34ba9",
  "colorPrimaryActive": "#b8317b",
  "colorPrimaryBg": "#350011",
  "colorPrimaryBgHover": "#4b001e",
  "colorPrimaryBorder": "#79093f",
  "colorPrimaryBorderHover": "#8e1752",
  "colorPrimaryFill": "rgba(254, 0, 115, 0.39)",
  "colorPrimaryFillQuaternary": "rgba(229, 0, 29, 0.07)",
  "colorPrimaryFillSecondary": "rgba(250, 0, 100, 0.3)",
  "colorPrimaryFillTertiary": "rgba(252, 0, 81, 0.21)",
  "colorPrimaryHover": "#f38bcb",
  "colorPrimaryText": "#e34ba9",
  "colorPrimaryTextActive": "#b8317b",
  "colorPrimaryTextHover": "#f38bcb",
  "controlItemBgActive": "#350011",
  "controlItemBgActiveHover": "#4b001e",
}
`;

exports[`lobe token (dark) > primary orange 1`] = `
{
  "colorPrimary": "#ff9927",
  "colorPrimaryActive": "#e88b00",
  "colorPrimaryBg": "#291900",
  "colorPrimaryBgHover": "#462b00",
  "colorPrimaryBorder": "#8e5900",
  "colorPrimaryBorderHover": "#b36f00",
  "colorPrimaryFill": "rgba(254, 159, 0, 0.41)",
  "colorPrimaryFillQuaternary": "rgba(233, 100, 0, 0.03)",
  "colorPrimaryFillSecondary": "rgba(250, 154, 0, 0.28)",
  "colorPrimaryFillTertiary": "rgba(241, 147, 0, 0.17)",
  "colorPrimaryHover": "#ffd1b1",
  "colorPrimaryText": "#ff9927",
  "colorPrimaryTextActive": "#e88b00",
  "colorPrimaryTextHover": "#ffd1b1",
  "controlItemBgActive": "#291900",
  "controlItemBgActiveHover": "#462b00",
}
`;

exports[`lobe token (dark) > primary purple 1`] = `
{
  "colorPrimary": "#bd54c6",
  "colorPrimaryActive": "#9a399e",
  "colorPrimaryBg": "#2e002a",
  "colorPrimaryBgHover": "#42003e",
  "colorPrimaryBorder": "#670e66",
  "colorPrimaryBorderHover": "#781e78",
  "colorPrimaryFill": "rgba(253, 0, 244, 0.34)",
  "colorPrimaryFillQuaternary": "rgba(217, 0, 183, 0.06)",
  "colorPrimaryFillSecondary": "rgba(254, 0, 238, 0.26)",
  "colorPrimaryFillTertiary": "rgba(242, 0, 221, 0.19)",
  "colorPrimaryHover": "#d590da",
  "colorPrimaryText": "#bd54c6",
  "colorPrimaryTextActive": "#9a399e",
  "colorPrimaryTextHover": "#d590da",
  "controlItemBgActive": "#2e002a",
  "controlItemBgActiveHover": "#42003e",
}
`;

exports[`lobe token (dark) > primary red 1`] = `
{
  "colorPrimary": "#f4416c",
  "colorPrimaryActive": "#e43165",
  "colorPrimaryBg": "#380015",
  "colorPrimaryBgHover": "#560023",
  "colorPrimaryBorder": "#9d0042",
  "colorPrimaryBorderHover": "#c10251",
  "colorPrimaryFill": "rgba(255, 0, 106, 0.47)",
  "colorPrimaryFillQuaternary": "rgba(250, 0, 50, 0.06)",
  "colorPrimaryFillSecondary": "rgba(253, 0, 103, 0.34)",
  "colorPrimaryFillTertiary": "rgba(255, 0, 95, 0.22)",
  "colorPrimaryHover": "#ffb0b7",
  "colorPrimaryText": "#f4416c",
  "colorPrimaryTextActive": "#e43165",
  "colorPrimaryTextHover": "#ffb0b7",
  "controlItemBgActive": "#380015",
  "controlItemBgActiveHover": "#560023",
}
`;

exports[`lobe token (dark) > primary volcano 1`] = `
{
  "colorPrimary": "#ec5e41",
  "colorPrimaryActive": "#bc4424",
  "colorPrimaryBg": "#2f0a00",
  "colorPrimaryBgHover": "#451200",
  "colorPrimaryBorder": "#762000",
  "colorPrimaryBorderHover": "#8e2a07",
  "colorPrimaryFill": "rgba(251, 68, 0, 0.37)",
  "colorPrimaryFillQuaternary": "rgba(240, 20, 0, 0.05)",
  "colorPrimaryFillSecondary": "rgba(246, 64, 0, 0.28)",
  "colorPrimaryFillTertiary": "rgba(247, 53, 0, 0.19)",
  "colorPrimaryHover": "#ff9480",
  "colorPrimaryText": "#ec5e41",
  "colorPrimaryTextActive": "#bc4424",
  "colorPrimaryTextHover": "#ff9480",
  "controlItemBgActive": "#2f0a00",
  "controlItemBgActiveHover": "#451200",
}
`;

exports[`lobe token (dark) > primary yellow 1`] = `
{
  "colorPrimary": "#ffef5c",
  "colorPrimaryActive": "#c7b426",
  "colorPrimaryBg": "#251d00",
  "colorPrimaryBgHover": "#3e3300",
  "colorPrimaryBorder": "#736300",
  "colorPrimaryBorderHover": "#8e7d00",
  "colorPrimaryFill": "rgba(251, 211, 0, 0.35)",
  "colorPrimaryFillQuaternary": "rgba(250, 200, 0, 0.02)",
  "colorPrimaryFillSecondary": "rgba(248, 204, 0, 0.25)",
  "colorPrimaryFillTertiary": "rgba(247, 193, 0, 0.15)",
  "colorPrimaryHover": "#fff594",
  "colorPrimaryText": "#ffef5c",
  "colorPrimaryTextActive": "#c7b426",
  "colorPrimaryTextHover": "#fff594",
  "controlItemBgActive": "#251d00",
  "controlItemBgActiveHover": "#3e3300",
}
`;

exports[`lobe token (light) > default 1`] = `
{
  "blue": "#57abf9",
  "blue1": "#fcfcff",
  "blue10": "#0d78ce",
  "blue10A": "rgba(0, 113, 203, 0.95)",
  "blue11": "#003b79",
  "blue11A": "#003b79",
  "blue1A": "rgba(105, 105, 255, 0.02)",
  "blue2": "#f2f8ff",
  "blue2A": "rgba(38, 138, 255, 0.06)",
  "blue3": "#e5f1ff",
  "blue3A": "rgba(19, 128, 255, 0.11)",
  "blue4": "#d5e9ff",
  "blue4A": "rgba(8, 126, 255, 0.17)",
  "blue5": "#c2e0ff",
  "blue5A": "rgba(1, 126, 255, 0.24)",
  "blue6": "#acd4ff",
  "blue6A": "rgba(3, 125, 255, 0.33)",
  "blue7": "#93c8ff",
  "blue7A": "rgba(4, 127, 255, 0.43)",
  "blue8": "#76baff",
  "blue8A": "rgba(1, 127, 255, 0.54)",
  "blue9": "#57abf9",
  "blue9A": "rgba(0, 128, 246, 0.66)",
  "blueActive": "#0d78ce",
  "blueBg": "rgba(105, 105, 255, 0.02)",
  "blueBgHover": "rgba(38, 138, 255, 0.06)",
  "blueBorder": "#d5e9ff",
  "blueBorderHover": "#e5f1ff",
  "blueBorderSecondary": "#e5f1ff",
  "blueFill": "rgba(8, 126, 255, 0.17)",
  "blueFillQuaternary": "rgba(105, 105, 255, 0.02)",
  "blueFillSecondary": "rgba(19, 128, 255, 0.11)",
  "blueFillTertiary": "rgba(38, 138, 255, 0.06)",
  "blueHover": "#76baff",
  "blueText": "rgba(0, 128, 246, 0.66)",
  "blueTextActive": "rgba(0, 113, 203, 0.95)",
  "blueTextHover": "rgba(1, 127, 255, 0.54)",
  "borderRadius": 8,
  "borderRadiusLG": 12,
  "borderRadiusOuter": 6,
  "borderRadiusSM": 6,
  "borderRadiusXS": 4,
  "boxShadow": "0 40px 80px rgba(0, 0, 0, 0.06), 0 20px 40px rgba(0, 0, 0, 0.05), 0 10px 20px rgba(0, 0, 0, 0.04), 0 5px 10px rgba(0, 0, 0, 0.03), 0 2px 4px rgba(0, 0, 0, 0.02)",
  "boxShadowCard": "
      0 1px 2px -2px rgba(0,0,0,0.16),
      0 3px 6px 0 rgba(0,0,0,0.12),
      0 5px 12px 4px rgba(0,0,0,0.09)
    ",
  "boxShadowDrawerDown": "
      0 -6px 16px 0 rgba(0,0,0,0.08),
      0 -3px 6px -4px rgba(0,0,0,0.12),
      0 -9px 28px 8px rgba(0,0,0,0.05)
    ",
  "boxShadowDrawerLeft": "
      6px 0 16px 0 rgba(0,0,0,0.08),
      3px 0 6px -4px rgba(0,0,0,0.12),
      9px 0 28px 8px rgba(0,0,0,0.05)
    ",
  "boxShadowDrawerRight": "
      -6px 0 16px 0 rgba(0,0,0,0.08),
      -3px 0 6px -4px rgba(0,0,0,0.12),
      -9px 0 28px 8px rgba(0,0,0,0.05)
    ",
  "boxShadowDrawerUp": "
      0 6px 16px 0 rgba(0,0,0,0.08),
      0 3px 6px -4px rgba(0,0,0,0.12),
      0 9px 28px 8px rgba(0,0,0,0.05)
    ",
  "boxShadowPopoverArrow": "2px 2px 5px rgba(0,0,0,0.05)",
  "boxShadowSecondary": "0 17.5px 23.4px rgba(0, 0, 0, 0.04), 0 9.4px 12.5px rgba(0, 0, 0, 0.03), 0 5.25px 7px rgba(0, 0, 0, 0.02), 0 2.8px 3.7px -2px rgba(0, 0, 0, 0.01), 0 1.2px 1.5px rgba(0, 0, 0, 0.01)",
  "boxShadowTabsOverflowBottom": "inset 0 -10px 8px -8px rgba(0,0,0,0.08)",
  "boxShadowTabsOverflowLeft": "inset 10px 0 8px -8px rgba(0,0,0,0.08)",
  "boxShadowTabsOverflowRight": "inset -10px 0 8px -8px rgba(0,0,0,0.08)",
  "boxShadowTabsOverflowTop": "inset 0 10px 8px -8px rgba(0,0,0,0.08)",
  "boxShadowTertiary": "0 1px 2px rgba(0, 0, 0, 0.04), 0 2px 4px rgba(0, 0, 0, 0.02)",
  "colorBgBase": "#fff",
  "colorBgBlur": "transparent",
  "colorBgContainer": "#ffffff",
  "colorBgContainerDisabled": "rgba(0, 0, 0, 0.03)",
  "colorBgContainerSecondary": "#fbfbfb",
  "colorBgElevated": "#ffffff",
  "colorBgLayout": "#f8f8f8",
  "colorBgMask": "rgba(0, 0, 0, 0.44)",
  "colorBgSolid": "rgb(0,0,0)",
  "colorBgSolidActive": "rgba(0,0,0,0.95)",
  "colorBgSolidHover": "rgba(0,0,0,0.75)",
  "colorBgSpotlight": "#dddddd",
  "colorBgTextActive": "rgba(0, 0, 0, 0.12)",
  "colorBgTextHover": "rgba(0, 0, 0, 0.06)",
  "colorBorder": "#e3e3e3",
  "colorBorderBg": "#ffffff",
  "colorBorderDisabled": "#d9d9d9",
  "colorBorderSecondary": "#eeeeee",
  "colorError": "#ec5e41",
  "colorErrorActive": "#a53716",
  "colorErrorAffix": "#ec5e41",
  "colorErrorBg": "#fff7f6",
  "colorErrorBgActive": "#ffccc7",
  "colorErrorBgFilledHover": "#ffdfdc",
  "colorErrorBgHover": "#ffece9",
  "colorErrorBorder": "#ffcec5",
  "colorErrorBorderHover": "#ffded9",
  "colorErrorFill": "rgba(255, 42, 3, 0.20)",
  "colorErrorFillQuaternary": "rgba(255, 55, 30, 0.04)",
  "colorErrorFillSecondary": "rgba(255, 35, 2, 0.12)",
  "colorErrorFillTertiary": "rgba(255, 44, 11, 0.06)",
  "colorErrorHover": "#fb745a",
  "colorErrorOutline": "rgba(255,55,30,0.04)",
  "colorErrorText": "#ec5e41",
  "colorErrorTextActive": "#a53716",
  "colorErrorTextHover": "#fb745a",
  "colorFill": "rgba(0, 0, 0, 0.12)",
  "colorFillAlter": "rgba(0, 0, 0, 0.015)",
  "colorFillContent": "rgba(0, 0, 0, 0.06)",
  "colorFillContentHover": "rgba(0, 0, 0, 0.12)",
  "colorFillQuaternary": "rgba(0, 0, 0, 0.015)",
  "colorFillSecondary": "rgba(0, 0, 0, 0.06)",
  "colorFillTertiary": "rgba(0, 0, 0, 0.03)",
  "colorHighlight": "#ec5e41",
  "colorIcon": "#999999",
  "colorIconHover": "#080808",
  "colorInfo": "#0072f5",
  "colorInfoActive": "#005ae0",
  "colorInfoBg": "#fcfbff",
  "colorInfoBgHover": "#f1f5ff",
  "colorInfoBorder": "#cedfff",
  "colorInfoBorderHover": "#e2ebff",
  "colorInfoFill": "rgba(10, 95, 255, 0.2)",
  "colorInfoFillQuaternary": "rgba(105, 55, 255, 0.02)",
  "colorInfoFillSecondary": "rgba(13, 88, 255, 0.12)",
  "colorInfoFillTertiary": "rgba(22, 88, 255, 0.06)",
  "colorInfoHover": "#4c90ff",
  "colorInfoText": "#0072f5",
  "colorInfoTextActive": "#005ae0",
  "colorInfoTextHover": "#4c90ff",
  "colorLink": "#0072f5",
  "colorLinkActive": "#005ae0",
  "colorLinkHover": "#4c90ff",
  "colorPrimary": "#222222",
  "colorPrimaryActive": "#111111",
  "colorPrimaryBg": "#f5f5f5",
  "colorPrimaryBgHover": "#eeeeee",
  "colorPrimaryBorder": "#aaaaaa",
  "colorPrimaryBorderHover": "#cccccc",
  "colorPrimaryFill": "rgba(0, 0, 0, 0.36)",
  "colorPrimaryFillQuaternary": "rgba(0, 0, 0, 0.08)",
  "colorPrimaryFillSecondary": "rgba(0, 0, 0, 0.22)",
  "colorPrimaryFillTertiary": "rgba(0, 0, 0, 0.16)",
  "colorPrimaryHover": "#333333",
  "colorPrimaryText": "#222222",
  "colorPrimaryTextActive": "#111111",
  "colorPrimaryTextHover": "#333333",
  "colorShadow": "#000",
  "colorSplit": "rgba(12,12,12,0.07)",
  "colorSuccess": "#379d4a",
  "colorSuccessActive": "#007944",
  "colorSuccessBg": "#f4fdeb",
  "colorSuccessBgHover": "#e7f8dd",
  "colorSuccessBorder": "#c7eabd",
  "colorSuccessBorderHover": "#d8f2ce",
  "colorSuccessFill": "rgba(40, 174, 1, 0.26)",
  "colorSuccessFillQuaternary": "rgba(117, 230, 5, 0.06)",
  "colorSuccessFillSecondary": "rgba(60, 190, 10, 0.14)",
  "colorSuccessFillTertiary": "rgba(84, 205, 12, 0.10)",
  "colorSuccessHover": "#71c179",
  "colorSuccessText": "#379d4a",
  "colorSuccessTextActive": "#007944",
  "colorSuccessTextHover": "#71c179",
  "colorText": "#080808",
  "colorTextBase": "#000",
  "colorTextDescription": "#999999",
  "colorTextDisabled": "#bbbbbb",
  "colorTextHeading": "#080808",
  "colorTextLabel": "#666666",
  "colorTextLightSolid": "#fff",
  "colorTextPlaceholder": "#bbbbbb",
  "colorTextQuaternary": "#bbbbbb",
  "colorTextSecondary": "#666666",
  "colorTextTertiary": "#999999",
  "colorWarning": "#ee9e0b",
  "colorWarningActive": "#d59300",
  "colorWarningAffix": "#ee9e0b",
  "colorWarningBg": "#fffdff",
  "colorWarningBgHover": "#fff9f7",
  "colorWarningBorder": "#ffeedc",
  "colorWarningBorderHover": "#fff4eb",
  "colorWarningFill": "rgba(255, 134, 5, 0.20)",
  "colorWarningFillQuaternary": "rgba(255,145,55,0.04)",
  "colorWarningFillSecondary": "rgba(255, 117, 5, 0.16)",
  "colorWarningFillTertiary": "rgba(255,155,55,0.08)",
  "colorWarningHover": "#ffc368",
  "colorWarningOutline": "rgba(255,55,255,0.01)",
  "colorWarningText": "#ee9e0b",
  "colorWarningTextActive": "#d59300",
  "colorWarningTextHover": "#ffc368",
  "colorWhite": "#fff",
  "controlHeight": 36,
  "controlHeightLG": 45,
  "controlHeightSM": 27,
  "controlHeightXS": 18,
  "controlInteractiveSize": 18,
  "controlItemBgActive": "#f5f5f5",
  "controlItemBgActiveDisabled": "rgba(0, 0, 0, 0.12)",
  "controlItemBgActiveHover": "#eeeeee",
  "controlItemBgHover": "rgba(0, 0, 0, 0.03)",
  "controlOutlineWidth": 2,
  "controlPaddingHorizontal": 12,
  "controlPaddingHorizontalSM": 8,
  "controlTmpOutline": "rgba(0, 0, 0, 0.015)",
  "cyan": "#95f3d9",
  "cyan1": "#f9fffb",
  "cyan10": "#2fa28a",
  "cyan10A": "rgba(1, 142, 112, 0.82)",
  "cyan11": "#005245",
  "cyan11A": "#005245",
  "cyan1A": "rgba(55, 255, 122, 0.03)",
  "cyan2": "#effff8",
  "cyan2A": "rgba(26, 255, 155, 0.07)",
  "cyan3": "#e3fff4",
  "cyan3A": "rgba(0, 255, 155, 0.11)",
  "cyan4": "#d8fef0",
  "cyan4A": "rgba(11, 249, 161, 0.16)",
  "cyan5": "#ccfcec",
  "cyan5A": "rgba(0, 240, 160, 0.2)",
  "cyan6": "#c0fae8",
  "cyan6A": "rgba(3, 235, 163, 0.25)",
  "cyan7": "#b3f8e3",
  "cyan7A": "rgba(2, 232, 162, 0.3)",
  "cyan8": "#a5f6de",
  "cyan8A": "rgba(5, 230, 163, 0.36)",
  "cyan9": "#95f3d9",
  "cyan9A": "rgba(3, 226, 165, 0.42)",
  "cyanActive": "#2fa28a",
  "cyanBg": "rgba(55, 255, 122, 0.03)",
  "cyanBgHover": "rgba(26, 255, 155, 0.07)",
  "cyanBorder": "#d8fef0",
  "cyanBorderHover": "#e3fff4",
  "cyanBorderSecondary": "#e3fff4",
  "cyanFill": "rgba(11, 249, 161, 0.16)",
  "cyanFillQuaternary": "rgba(55, 255, 122, 0.03)",
  "cyanFillSecondary": "rgba(0, 255, 155, 0.11)",
  "cyanFillTertiary": "rgba(26, 255, 155, 0.07)",
  "cyanHover": "#a5f6de",
  "cyanText": "rgba(3, 226, 165, 0.42)",
  "cyanTextActive": "rgba(1, 142, 112, 0.82)",
  "cyanTextHover": "rgba(5, 230, 163, 0.36)",
  "dropShadowPopover": "drop-shadow(0 6px 16px rgba(0,0,0,0.08)) drop-shadow(0 3px 6px rgba(0,0,0,0.12)) drop-shadow(0 9px 28px rgba(0,0,0,0.05))",
  "fontFamily": ""HarmonyOS Sans",-apple-system,BlinkMacSystemFont,"Segoe UI Variable Display","Segoe UI",Roboto,"Helvetica Neue",Arial,"/* SC */","HarmonyOS Sans SC","PingFang SC","Hiragino Sans GB","Microsoft YaHei UI","Microsoft YaHei","Source Han Sans SC","Noto Sans CJK SC","/* FALLBACK */",ui-sans-serif,system-ui,sans-serif,"/* EMOJI */","Apple Color Emoji","Segoe UI Emoji","Segoe UI Symbol","Noto Color Emoji"",
  "fontFamilyCode": "Hack,ui-monospace,SFMono-Regular,"SF Mono",Menlo,"Cascadia Code",Consolas,"Liberation Mono","/* SC */","HarmonyOS Sans SC","PingFang SC","Hiragino Sans GB","Microsoft YaHei UI","Microsoft YaHei","Source Han Sans SC","Noto Sans CJK SC","/* FALLBACK */",monospace,"/* EMOJI */","Apple Color Emoji","Segoe UI Emoji","Segoe UI Symbol","Noto Color Emoji"",
  "fontHeight": 22,
  "fontHeightLG": 24,
  "fontHeightSM": 20,
  "fontSize": 14,
  "fontSizeHeading1": 38,
  "fontSizeHeading2": 30,
  "fontSizeHeading3": 24,
  "fontSizeHeading4": 20,
  "fontSizeHeading5": 16,
  "fontSizeIcon": 12,
  "fontSizeLG": 16,
  "fontSizeSM": 12,
  "fontSizeXL": 20,
  "fontWeightStrong": 600,
  "geekblue": "#0072f5",
  "geekblue1": "#fcfbff",
  "geekblue10": "#005ae0",
  "geekblue10A": "#005ae0",
  "geekblue11": "#002a8a",
  "geekblue11A": "#002a8a",
  "geekblue1A": "rgba(105, 55, 255, 0.02)",
  "geekblue2": "#f1f5ff",
  "geekblue2A": "rgba(22, 88, 255, 0.06)",
  "geekblue3": "#e2ebff",
  "geekblue3A": "rgba(13, 88, 255, 0.12)",
  "geekblue4": "#cedfff",
  "geekblue4A": "rgba(10, 95, 255, 0.2)",
  "geekblue5": "#b6d0ff",
  "geekblue5A": "rgba(3, 93, 255, 0.29)",
  "geekblue6": "#9abeff",
  "geekblue6A": "rgba(3, 93, 255, 0.4)",
  "geekblue7": "#78a9ff",
  "geekblue7A": "rgba(0, 93, 255, 0.53)",
  "geekblue8": "#4c90ff",
  "geekblue8A": "rgba(3, 99, 255, 0.71)",
  "geekblue9": "#0072f5",
  "geekblue9A": "#0072f5",
  "geekblueActive": "#005ae0",
  "geekblueBg": "rgba(105, 55, 255, 0.02)",
  "geekblueBgHover": "rgba(22, 88, 255, 0.06)",
  "geekblueBorder": "#cedfff",
  "geekblueBorderHover": "#e2ebff",
  "geekblueBorderSecondary": "#e2ebff",
  "geekblueFill": "rgba(10, 95, 255, 0.2)",
  "geekblueFillQuaternary": "rgba(105, 55, 255, 0.02)",
  "geekblueFillSecondary": "rgba(13, 88, 255, 0.12)",
  "geekblueFillTertiary": "rgba(22, 88, 255, 0.06)",
  "geekblueHover": "#4c90ff",
  "geekblueText": "#0072f5",
  "geekblueTextActive": "#005ae0",
  "geekblueTextHover": "rgba(3, 99, 255, 0.71)",
  "gold": "#ee9e0b",
  "gold1": "#fffdff",
  "gold10": "#d59300",
  "gold10A": "#d59300",
  "gold11": "#6a4900",
  "gold11A": "#6a4900",
  "gold1A": "rgba(255,145,55,0.04)",
  "gold2": "#fff9f7",
  "gold2A": "rgba(255,155,55,0.08)",
  "gold3": "#fff4eb",
  "gold3A": "rgba(255, 117, 5, 0.16)",
  "gold4": "#ffeedc",
  "gold4A": "rgba(255, 134, 5, 0.20)",
  "gold5": "#ffe6c8",
  "gold5A": "rgba(255, 141, 5, 0.26)",
  "gold6": "#ffdcaf",
  "gold6A": "rgba(255, 146, 5, 0.32)",
  "gold7": "#ffd190",
  "gold7A": "rgba(255, 150, 3, 0.44)",
  "gold8": "#ffc368",
  "gold8A": "rgba(255, 155, 3, 0.6)",
  "gold9": "#ee9e0b",
  "gold9A": "rgba(255, 165, 0, 0.86)",
  "goldActive": "#d59300",
  "goldBg": "rgba(255,145,55,0.04)",
  "goldBgHover": "rgba(255,155,55,0.08)",
  "goldBorder": "#ffeedc",
  "goldBorderHover": "#fff4eb",
  "goldBorderSecondary": "#fff4eb",
  "goldFill": "rgba(255, 134, 5, 0.20)",
  "goldFillQuaternary": "rgba(255,145,55,0.04)",
  "goldFillSecondary": "rgba(255, 117, 5, 0.16)",
  "goldFillTertiary": "rgba(255,155,55,0.08)",
  "goldHover": "#ffc368",
  "goldText": "rgba(255, 165, 0, 0.86)",
  "goldTextActive": "#d59300",
  "goldTextHover": "rgba(255, 155, 3, 0.6)",
  "gray": "#888888",
  "gray1": "#f8f8f8",
  "gray10": "#666666",
  "gray10A": "rgba(0, 0, 0, 0.68)",
  "gray11": "#333333",
  "gray11A": "rgba(0, 0, 0, 0.84)",
  "gray1A": "rgba(0, 0, 0, 0.03)",
  "gray2": "#eeeeee",
  "gray2A": "rgba(0, 0, 0, 0.06)",
  "gray3": "#e3e3e3",
  "gray3A": "rgba(0, 0, 0, 0.12)",
  "gray4": "#dddddd",
  "gray4A": "rgba(0, 0, 0, 0.18)",
  "gray5": "#cccccc",
  "gray5A": "rgba(0, 0, 0, 0.24)",
  "gray6": "#bbbbbb",
  "gray6A": "rgba(0, 0, 0, 0.32)",
  "gray7": "#aaaaaa",
  "gray7A": "rgba(0, 0, 0, 0.38)",
  "gray8": "#999999",
  "gray8A": "rgba(0, 0, 0, 0.44)",
  "gray9": "#888888",
  "gray9A": "rgba(0, 0, 0, 0.5)",
  "grayActive": "#666666",
  "grayBg": "rgba(0, 0, 0, 0.03)",
  "grayBgHover": "rgba(0, 0, 0, 0.06)",
  "grayBorder": "#dddddd",
  "grayBorderHover": "#e3e3e3",
  "grayBorderSecondary": "#e3e3e3",
  "grayFill": "rgba(0, 0, 0, 0.18)",
  "grayFillQuaternary": "rgba(0, 0, 0, 0.03)",
  "grayFillSecondary": "rgba(0, 0, 0, 0.12)",
  "grayFillTertiary": "rgba(0, 0, 0, 0.06)",
  "grayHover": "#999999",
  "grayText": "rgba(0, 0, 0, 0.5)",
  "grayTextActive": "rgba(0, 0, 0, 0.68)",
  "grayTextHover": "rgba(0, 0, 0, 0.44)",
  "green": "#379d4a",
  "green1": "#f4fdeb",
  "green10": "#007944",
  "green10A": "#007944",
  "green11": "#003f28",
  "green11A": "#003f28",
  "green1A": "rgba(117, 230, 5, 0.06)",
  "green2": "#e7f8dd",
  "green2A": "rgba(84, 205, 12, 0.10)",
  "green3": "#d8f2ce",
  "green3A": "rgba(60, 190, 10, 0.14)",
  "green4": "#c7eabd",
  "green4A": "rgba(40, 174, 1, 0.26)",
  "green5": "#b4e1ac",
  "green5A": "rgba(28, 164, 3, 0.33)",
  "green6": "#a0d79b",
  "green6A": "rgba(18, 155, 5, 0.4)",
  "green7": "#89cc8a",
  "green7A": "rgba(4, 146, 6, 0.47)",
  "green8": "#71c179",
  "green8A": "rgba(1, 144, 16, 0.56)",
  "green9": "#379d4a",
  "green9A": "rgba(1, 143, 28, 0.67)",
  "greenActive": "#007944",
  "greenBg": "rgba(117, 230, 5, 0.06)",
  "greenBgHover": "rgba(84, 205, 12, 0.10)",
  "greenBorder": "#c7eabd",
  "greenBorderHover": "#d8f2ce",
  "greenBorderSecondary": "#d8f2ce",
  "greenFill": "rgba(40, 174, 1, 0.26)",
  "greenFillQuaternary": "rgba(117, 230, 5, 0.06)",
  "greenFillSecondary": "rgba(60, 190, 10, 0.14)",
  "greenFillTertiary": "rgba(84, 205, 12, 0.10)",
  "greenHover": "#71c179",
  "greenText": "rgba(1, 143, 28, 0.67)",
  "greenTextActive": "#007944",
  "greenTextHover": "rgba(1, 144, 16, 0.56)",
  "lime": "#c4f042",
  "lime1": "#feffeb",
  "lime10": "#769d00",
  "lime10A": "#769d00",
  "lime11": "#374f00",
  "lime11A": "#374f00",
  "lime1A": "rgba(242, 255, 5, 0.08)",
  "lime2": "#f9ffd8",
  "lime2A": "rgba(218, 255, 11, 0.16)",
  "lime3": "#f2ffc1",
  "lime3A": "rgba(203, 255, 7, 0.25)",
  "lime4": "#ebfdaf",
  "lime4A": "rgba(193, 249, 5, 0.32)",
  "lime5": "#e4fc9b",
  "lime5A": "rgba(187, 247, 5, 0.4)",
  "lime6": "#ddf987",
  "lime6A": "rgba(183, 242, 0, 0.47)",
  "lime7": "#d5f773",
  "lime7A": "rgba(179, 240, 0, 0.55)",
  "lime8": "#cdf35c",
  "lime8A": "rgba(177, 236, 0, 0.64)",
  "lime9": "#c4f042",
  "lime9A": "rgba(175, 235, 0, 0.74)",
  "limeActive": "#769d00",
  "limeBg": "rgba(242, 255, 5, 0.08)",
  "limeBgHover": "rgba(218, 255, 11, 0.16)",
  "limeBorder": "#ebfdaf",
  "limeBorderHover": "#f2ffc1",
  "limeBorderSecondary": "#f2ffc1",
  "limeFill": "rgba(193, 249, 5, 0.32)",
  "limeFillQuaternary": "rgba(242, 255, 5, 0.08)",
  "limeFillSecondary": "rgba(203, 255, 7, 0.25)",
  "limeFillTertiary": "rgba(218, 255, 11, 0.16)",
  "limeHover": "#cdf35c",
  "limeText": "rgba(175, 235, 0, 0.74)",
  "limeTextActive": "#769d00",
  "limeTextHover": "rgba(177, 236, 0, 0.64)",
  "lineHeight": 1.5714285714285714,
  "lineHeightHeading1": 1.2105263157894737,
  "lineHeightHeading2": 1.2666666666666666,
  "lineHeightHeading3": 1.3333333333333333,
  "lineHeightHeading4": 1.4,
  "lineHeightHeading5": 1.5,
  "lineHeightLG": 1.5,
  "lineHeightSM": 1.6666666666666667,
  "lineType": "solid",
  "lineWidth": 1,
  "lineWidthBold": 2,
  "lineWidthFocus": 3,
  "linkDecoration": "none",
  "linkFocusDecoration": "none",
  "linkHoverDecoration": "none",
  "magenta": "#e34ba9",
  "magenta1": "#fff7f9",
  "magenta10": "#a32466",
  "magenta10A": "rgba(148, 0, 77, 0.86)",
  "magenta11": "#63002d",
  "magenta11A": "#63002d",
  "magenta1A": "rgba(255, 55, 105, 0.04)",
  "magenta2": "#ffeaf4",
  "magenta2A": "rgba(255, 22, 133, 0.09)",
  "magenta3": "#ffdaee",
  "magenta3A": "rgba(255, 8, 142, 0.15)",
  "magenta4": "#ffc7e7",
  "magenta4A": "rgba(255, 0, 146, 0.22)",
  "magenta5": "#ffb2df",
  "magenta5A": "rgba(255, 7, 152, 0.31)",
  "magenta6": "#ff99d6",
  "magenta6A": "rgba(255, 0, 153, 0.4)",
  "magenta7": "#f980ca",
  "magenta7A": "rgba(243, 1, 149, 0.5)",
  "magenta8": "#ef67ba",
  "magenta8A": "rgba(228, 2, 140, 0.6)",
  "magenta9": "#e34ba9",
  "magenta9A": "rgba(216, 1, 134, 0.71)",
  "magentaActive": "#a32466",
  "magentaBg": "rgba(255, 55, 105, 0.04)",
  "magentaBgHover": "rgba(255, 22, 133, 0.09)",
  "magentaBorder": "#ffc7e7",
  "magentaBorderHover": "#ffdaee",
  "magentaBorderSecondary": "#ffdaee",
  "magentaFill": "rgba(255, 0, 146, 0.22)",
  "magentaFillQuaternary": "rgba(255, 55, 105, 0.04)",
  "magentaFillSecondary": "rgba(255, 8, 142, 0.15)",
  "magentaFillTertiary": "rgba(255, 22, 133, 0.09)",
  "magentaHover": "#ef67ba",
  "magentaText": "rgba(216, 1, 134, 0.71)",
  "magentaTextActive": "rgba(148, 0, 77, 0.86)",
  "magentaTextHover": "rgba(228, 2, 140, 0.6)",
  "margin": 16,
  "marginLG": 24,
  "marginMD": 20,
  "marginSM": 12,
  "marginXL": 32,
  "marginXS": 8,
  "marginXXL": 48,
  "marginXXS": 4,
  "motionBase": 0,
  "motionDurationFast": "0.1s",
  "motionDurationMid": "0.2s",
  "motionDurationSlow": "0.3s",
  "motionEaseInBack": "cubic-bezier(0.71, -0.46, 0.88, 0.6)",
  "motionEaseInOut": "cubic-bezier(0.645, 0.045, 0.355, 1)",
  "motionEaseInOutCirc": "cubic-bezier(0.78, 0.14, 0.15, 0.86)",
  "motionEaseInQuint": "cubic-bezier(0.755, 0.05, 0.855, 0.06)",
  "motionEaseOut": "cubic-bezier(0.215, 0.61, 0.355, 1)",
  "motionEaseOutBack": "cubic-bezier(0.12, 0.4, 0.29, 1.46)",
  "motionEaseOutCirc": "cubic-bezier(0.08, 0.82, 0.17, 1)",
  "motionEaseOutQuint": "cubic-bezier(0.23, 1, 0.32, 1)",
  "motionUnit": 0.1,
  "opacityImage": 1,
  "opacityLoading": 0.65,
  "orange": "#f88c13",
  "orange1": "#fffcff",
  "orange10": "#d18000",
  "orange10A": "#d18000",
  "orange11": "#684100",
  "orange11A": "#684100",
  "orange1A": "rgba(255, 105, 255, 0.03)",
  "orange2": "#fff8f6",
  "orange2A": "rgba(255, 80, 30, 0.08)",
  "orange3": "#fff1eb",
  "orange3A": "rgba(255, 80, 5, 0.12)",
  "orange4": "#ffe9dd",
  "orange4A": "rgba(255, 98, 12, 0.16)",
  "orange5": "#ffdeca",
  "orange5A": "rgba(255, 98, 3, 0.21)",
  "orange6": "#ffd1b1",
  "orange6A": "rgba(255, 107, 3, 0.31)",
  "orange7": "#ffc293",
  "orange7A": "rgba(255, 113, 4, 0.43)",
  "orange8": "#ffb06a",
  "orange8A": "rgba(255, 121, 2, 0.59)",
  "orange9": "#f88c13",
  "orange9A": "rgba(255, 135, 1, 0.85)",
  "orangeActive": "#d18000",
  "orangeBg": "rgba(255, 105, 255, 0.03)",
  "orangeBgHover": "rgba(255, 80, 30, 0.08)",
  "orangeBorder": "#ffe9dd",
  "orangeBorderHover": "#fff1eb",
  "orangeBorderSecondary": "#fff1eb",
  "orangeFill": "rgba(255, 98, 12, 0.16)",
  "orangeFillQuaternary": "rgba(255, 105, 255, 0.03)",
  "orangeFillSecondary": "rgba(255, 80, 5, 0.12)",
  "orangeFillTertiary": "rgba(255, 80, 30, 0.08)",
  "orangeHover": "#ffb06a",
  "orangeText": "rgba(255, 135, 1, 0.85)",
  "orangeTextActive": "#d18000",
  "orangeTextHover": "rgba(255, 121, 2, 0.59)",
  "padding": 16,
  "paddingContentHorizontal": 16,
  "paddingContentHorizontalLG": 24,
  "paddingContentHorizontalSM": 16,
  "paddingContentVertical": 12,
  "paddingContentVerticalLG": 16,
  "paddingContentVerticalSM": 8,
  "paddingLG": 24,
  "paddingMD": 20,
  "paddingSM": 12,
  "paddingXL": 32,
  "paddingXS": 8,
  "paddingXXS": 4,
  "pink": "#EB2F96",
  "pink1": "#fff0f6",
  "pink10": "#520339",
  "pink2": "#ffd6e7",
  "pink3": "#ffadd2",
  "pink4": "#ff85c0",
  "pink5": "#f759ab",
  "pink6": "#eb2f96",
  "pink7": "#c41d7f",
  "pink8": "#9e1068",
  "pink9": "#780650",
  "pinkActive": "#c41d7f",
  "pinkHover": "#f759ab",
  "primary": "#222222",
  "primary1": "#f5f5f5",
  "primary10": "#111111",
  "primary10A": "rgba(0, 0, 0, 0.92)",
  "primary11": "#0b0b0b",
  "primary11A": "rgba(0, 0, 0, 0.96)",
  "primary1A": "rgba(0, 0, 0, 0.08)",
  "primary2": "#eeeeee",
  "primary2A": "rgba(0, 0, 0, 0.16)",
  "primary3": "#cccccc",
  "primary3A": "rgba(0, 0, 0, 0.22)",
  "primary4": "#aaaaaa",
  "primary4A": "rgba(0, 0, 0, 0.36)",
  "primary5": "#888888",
  "primary5A": "rgba(0, 0, 0, 0.48)",
  "primary6": "#666666",
  "primary6A": "rgba(0, 0, 0, 0.6)",
  "primary7": "#444444",
  "primary7A": "rgba(0, 0, 0, 0.72)",
  "primary8": "#333333",
  "primary8A": "rgba(0, 0, 0, 0.84)",
  "primary9": "#222222",
  "primary9A": "rgba(0, 0, 0, 0.88)",
  "primaryActive": "#111111",
  "primaryBg": "rgba(0, 0, 0, 0.08)",
  "primaryBgHover": "rgba(0, 0, 0, 0.16)",
  "primaryBorder": "#aaaaaa",
  "primaryBorderHover": "#cccccc",
  "primaryBorderSecondary": "#cccccc",
  "primaryFill": "rgba(0, 0, 0, 0.36)",
  "primaryFillQuaternary": "rgba(0, 0, 0, 0.08)",
  "primaryFillSecondary": "rgba(0, 0, 0, 0.22)",
  "primaryFillTertiary": "rgba(0, 0, 0, 0.16)",
  "primaryHover": "#333333",
  "primaryText": "rgba(0, 0, 0, 0.88)",
  "primaryTextActive": "rgba(0, 0, 0, 0.92)",
  "primaryTextHover": "rgba(0, 0, 0, 0.84)",
  "purple": "#bd54c6",
  "purple1": "#fff6fb",
  "purple10": "#892b8a",
  "purple10A": "rgba(113, 0, 114, 0.83)",
  "purple11": "#560053",
  "purple11A": "#560053",
  "purple1A": "rgba(255, 30, 155, 0.04)",
  "purple2": "#ffe7fd",
  "purple2A": "rgba(255, 15, 235, 0.08)",
  "purple3": "#fdd6fe",
  "purple3A": "rgba(243, 14, 249, 0.16)",
  "purple4": "#f6c4f8",
  "purple4A": "rgba(218, 9, 226, 0.24)",
  "purple5": "#eeb1f1",
  "purple5A": "rgba(200, 3, 210, 0.31)",
  "purple6": "#e49ce8",
  "purple6A": "rgba(186, 1, 196, 0.39)",
  "purple7": "#d886de",
  "purple7A": "rgba(174, 3, 186, 0.48)",
  "purple8": "#cb6ed2",
  "purple8A": "rgba(164, 1, 176, 0.57)",
  "purple9": "#bd54c6",
  "purple9A": "rgba(156, 0, 170, 0.67)",
  "purpleActive": "#892b8a",
  "purpleBg": "rgba(255, 30, 155, 0.04)",
  "purpleBgHover": "rgba(255, 15, 235, 0.08)",
  "purpleBorder": "#f6c4f8",
  "purpleBorderHover": "#fdd6fe",
  "purpleBorderSecondary": "#fdd6fe",
  "purpleFill": "rgba(218, 9, 226, 0.24)",
  "purpleFillQuaternary": "rgba(255, 30, 155, 0.04)",
  "purpleFillSecondary": "rgba(243, 14, 249, 0.16)",
  "purpleFillTertiary": "rgba(255, 15, 235, 0.08)",
  "purpleHover": "#cb6ed2",
  "purpleText": "rgba(156, 0, 170, 0.67)",
  "purpleTextActive": "rgba(113, 0, 114, 0.83)",
  "purpleTextHover": "rgba(164, 1, 176, 0.57)",
  "red": "#f4416c",
  "red1": "#fffbff",
  "red10": "#d6225d",
  "red10A": "rgba(208, 1, 69, 0.87)",
  "red11": "#780032",
  "red11A": "#780032",
  "red1A": "rgba(255, 55, 255, 0.02)",
  "red2": "#fff3f3",
  "red2A": "rgba(255, 15, 15, 0.05)",
  "red3": "#ffe8e8",
  "red3A": "rgba(255, 25, 25, 0.1)",
  "red4": "#ffdadb",
  "red4A": "rgba(255, 8, 15, 0.15)",
  "red5": "#ffc7ca",
  "red5A": "rgba(255, 0, 14, 0.22)",
  "red6": "#ffb0b7",
  "red6A": "rgba(255, 0, 23, 0.31)",
  "red7": "#ff94a1",
  "red7A": "rgba(255, 0, 31, 0.42)",
  "red8": "#ff6f87",
  "red8A": "rgba(255, 2, 44, 0.57)",
  "red9": "#f4416c",
  "red9A": "rgba(240, 2, 59, 0.75)",
  "redActive": "#d6225d",
  "redBg": "rgba(255, 55, 255, 0.02)",
  "redBgHover": "rgba(255, 15, 15, 0.05)",
  "redBorder": "#ffdadb",
  "redBorderHover": "#ffe8e8",
  "redBorderSecondary": "#ffe8e8",
  "redFill": "rgba(255, 8, 15, 0.15)",
  "redFillQuaternary": "rgba(255, 55, 255, 0.02)",
  "redFillSecondary": "rgba(255, 25, 25, 0.1)",
  "redFillTertiary": "rgba(255, 15, 15, 0.05)",
  "redHover": "#ff6f87",
  "redText": "rgba(240, 2, 59, 0.75)",
  "redTextActive": "rgba(208, 1, 69, 0.87)",
  "redTextHover": "rgba(255, 2, 44, 0.57)",
  "screenLG": 992,
  "screenLGMax": 1199,
  "screenLGMin": 992,
  "screenMD": 768,
  "screenMDMax": 991,
  "screenMDMin": 768,
  "screenSM": 576,
  "screenSMMax": 767,
  "screenSMMin": 576,
  "screenXL": 1200,
  "screenXLMax": 1599,
  "screenXLMin": 1200,
  "screenXS": 480,
  "screenXSMax": 575,
  "screenXSMin": 480,
  "screenXXL": 1600,
  "screenXXLMax": 1919,
  "screenXXLMin": 1600,
  "screenXXXL": 1920,
  "screenXXXLMin": 1920,
  "size": 16,
  "sizeLG": 24,
  "sizeMD": 20,
  "sizeMS": 16,
  "sizePopupArrow": 16,
  "sizeSM": 12,
  "sizeStep": 4,
  "sizeUnit": 4,
  "sizeXL": 32,
  "sizeXS": 8,
  "sizeXXL": 48,
  "sizeXXS": 4,
  "volcano": "#ec5e41",
  "volcano1": "#fff7f6",
  "volcano10": "#a53716",
  "volcano10A": "rgba(157, 38, 2, 0.92)",
  "volcano11": "#5d1900",
  "volcano11A": "#5d1900",
  "volcano1A": "rgba(255, 55, 30, 0.04)",
  "volcano2": "#ffece9",
  "volcano2A": "rgba(255, 44, 11, 0.06)",
  "volcano3": "#ffded9",
  "volcano3A": "rgba(255, 35, 2, 0.12)",
  "volcano4": "#ffcec5",
  "volcano4A": "rgba(255, 42, 3, 0.20)",
  "volcano5": "#ffbbaf",
  "volcano5A": "rgba(255, 43, 5, 0.32)",
  "volcano6": "#ffa695",
  "volcano6A": "rgba(255, 43, 3, 0.42)",
  "volcano7": "#ff8e78",
  "volcano7A": "rgba(255, 42, 0, 0.53)",
  "volcano8": "#fb745a",
  "volcano8A": "rgba(249, 41, 1, 0.65)",
  "volcano9": "#ec5e41",
  "volcano9A": "rgba(230, 40, 2, 0.75)",
  "volcanoActive": "#a53716",
  "volcanoBg": "rgba(255, 55, 30, 0.04)",
  "volcanoBgHover": "rgba(255, 44, 11, 0.06)",
  "volcanoBorder": "#ffcec5",
  "volcanoBorderHover": "#ffded9",
  "volcanoBorderSecondary": "#ffded9",
  "volcanoFill": "rgba(255, 42, 3, 0.20)",
  "volcanoFillQuaternary": "rgba(255, 55, 30, 0.04)",
  "volcanoFillSecondary": "rgba(255, 35, 2, 0.12)",
  "volcanoFillTertiary": "rgba(255, 44, 11, 0.06)",
  "volcanoHover": "#fb745a",
  "volcanoText": "rgba(230, 40, 2, 0.75)",
  "volcanoTextActive": "rgba(157, 38, 2, 0.92)",
  "volcanoTextHover": "rgba(249, 41, 1, 0.65)",
  "yellow": "#ffef5c",
  "yellow1": "#fffeff",
  "yellow10": "#ab9800",
  "yellow10A": "#ab9800",
  "yellow11": "#584a00",
  "yellow11A": "#584a00",
  "yellow1A": "rgba(255, 155, 255, 0.01)",
  "yellow2": "#fffcff",
  "yellow2A": "rgba(255, 105, 255, 0.02)",
  "yellow3": "#fffbf1",
  "yellow3A": "rgba(255, 188, 22, 0.06)",
  "yellow4": "#fffada",
  "yellow4A": "rgba(255, 222, 8, 0.15)",
  "yellow5": "#fff9c2",
  "yellow5A": "rgba(255, 230, 1, 0.24)",
  "yellow6": "#fff7aa",
  "yellow6A": "rgba(255, 231, 5, 0.34)",
  "yellow7": "#fff592",
  "yellow7A": "rgba(255, 232, 2, 0.43)",
  "yellow8": "#fff279",
  "yellow8A": "rgba(255, 230, 2, 0.53)",
  "yellow9": "#ffef5c",
  "yellow9A": "rgba(255, 230, 0, 0.64)",
  "yellowActive": "#ab9800",
  "yellowBg": "rgba(255, 155, 255, 0.01)",
  "yellowBgHover": "rgba(255, 105, 255, 0.02)",
  "yellowBorder": "#fffada",
  "yellowBorderHover": "#fffbf1",
  "yellowBorderSecondary": "#fffbf1",
  "yellowFill": "rgba(255, 222, 8, 0.15)",
  "yellowFillQuaternary": "rgba(255, 155, 255, 0.01)",
  "yellowFillSecondary": "rgba(255, 188, 22, 0.06)",
  "yellowFillTertiary": "rgba(255, 105, 255, 0.02)",
  "yellowHover": "#fff279",
  "yellowText": "rgba(255, 230, 0, 0.64)",
  "yellowTextActive": "#ab9800",
  "yellowTextHover": "rgba(255, 230, 2, 0.53)",
  "zIndexBase": 0,
  "zIndexPopupBase": 1000,
}
`;

exports[`lobe token (light) > neutral mauve 1`] = `
{
  "colorBgContainerDisabled": "rgba(155, 22, 122, 0.03)",
  "colorBgContainerSecondary": "#fdfbfd",
  "colorBgLayout": "#fcf8fb",
  "colorBgMask": "rgba(6, 1, 14, 0.41)",
  "colorBgSpotlight": "#d1ced2",
  "colorBgTextActive": "rgba(26, 5, 26, 0.14)",
  "colorBgTextHover": "rgba(55, 22, 55, 0.09)",
  "colorBorder": "#dfdcdf",
  "colorBorderSecondary": "#edeaed",
  "colorFill": "rgba(26, 5, 26, 0.14)",
  "colorFillContent": "rgba(55, 22, 55, 0.09)",
  "colorFillContentHover": "rgba(26, 5, 26, 0.14)",
  "colorFillSecondary": "rgba(55, 22, 55, 0.09)",
  "colorFillTertiary": "rgba(155, 22, 122, 0.03)",
  "colorIcon": "#99979c",
  "colorIconHover": "#111",
  "colorSplit": "rgba(55,22,55,0.09)",
  "colorText": "#111",
  "colorTextDescription": "#99979c",
  "colorTextDisabled": "#b4b2b7",
  "colorTextHeading": "#111",
  "colorTextLabel": "#7f7d83",
  "colorTextPlaceholder": "#b4b2b7",
  "colorTextQuaternary": "#b4b2b7",
  "colorTextSecondary": "#7f7d83",
  "colorTextTertiary": "#99979c",
  "controlItemBgActiveDisabled": "rgba(26, 5, 26, 0.14)",
  "controlItemBgHover": "rgba(155, 22, 122, 0.03)",
}
`;

exports[`lobe token (light) > neutral olive 1`] = `
{
  "colorBgContainerDisabled": "rgba(155, 135, 35, 0.05)",
  "colorBgContainerSecondary": "#fcfcf9",
  "colorBgLayout": "#faf9f4",
  "colorBgMask": "rgba(11, 18, 4, 0.43)",
  "colorBgSpotlight": "#cfcfc9",
  "colorBgTextActive": "rgba(43, 43, 5, 0.16)",
  "colorBgTextHover": "rgba(65, 55, 5, 0.1)",
  "colorBorder": "#ddddd7",
  "colorBorderSecondary": "#ecebe6",
  "colorFill": "rgba(43, 43, 5, 0.16)",
  "colorFillContent": "rgba(65, 55, 5, 0.1)",
  "colorFillContentHover": "rgba(43, 43, 5, 0.16)",
  "colorFillSecondary": "rgba(65, 55, 5, 0.1)",
  "colorFillTertiary": "rgba(155, 135, 35, 0.05)",
  "colorIcon": "#969993",
  "colorIconHover": "#111",
  "colorSplit": "rgba(65,55,5,0.1)",
  "colorText": "#111",
  "colorTextDescription": "#969993",
  "colorTextDisabled": "#b2b4ae",
  "colorTextHeading": "#111",
  "colorTextLabel": "#7c7f79",
  "colorTextPlaceholder": "#b2b4ae",
  "colorTextQuaternary": "#b2b4ae",
  "colorTextSecondary": "#7c7f79",
  "colorTextTertiary": "#969993",
  "controlItemBgActiveDisabled": "rgba(43, 43, 5, 0.16)",
  "controlItemBgHover": "rgba(155, 135, 35, 0.05)",
}
`;

exports[`lobe token (light) > neutral sage 1`] = `
{
  "colorBgContainerDisabled": "rgba(55, 155, 35, 0.05)",
  "colorBgContainerSecondary": "#fafcf9",
  "colorBgLayout": "#f5faf4",
  "colorBgMask": "rgba(4, 18, 11, 0.43)",
  "colorBgSpotlight": "#c9cfc9",
  "colorBgTextActive": "rgba(5, 43, 5, 0.16)",
  "colorBgTextHover": "rgba(15, 65, 5, 0.1)",
  "colorBorder": "#d7ddd7",
  "colorBorderSecondary": "#e7ece6",
  "colorFill": "rgba(5, 43, 5, 0.16)",
  "colorFillContent": "rgba(15, 65, 5, 0.1)",
  "colorFillContentHover": "rgba(5, 43, 5, 0.16)",
  "colorFillSecondary": "rgba(15, 65, 5, 0.1)",
  "colorFillTertiary": "rgba(55, 155, 35, 0.05)",
  "colorIcon": "#939996",
  "colorIconHover": "#111111",
  "colorSplit": "rgba(15,65,5,0.1)",
  "colorText": "#111111",
  "colorTextDescription": "#939996",
  "colorTextDisabled": "#aeb4b0",
  "colorTextHeading": "#111111",
  "colorTextLabel": "#797f7c",
  "colorTextPlaceholder": "#aeb4b0",
  "colorTextQuaternary": "#aeb4b0",
  "colorTextSecondary": "#797f7c",
  "colorTextTertiary": "#939996",
  "controlItemBgActiveDisabled": "rgba(5, 43, 5, 0.16)",
  "controlItemBgHover": "rgba(55, 155, 35, 0.05)",
}
`;

exports[`lobe token (light) > neutral sand 1`] = `
{
  "colorBgContainerDisabled": "rgba(195, 135, 15, 0.05)",
  "colorBgContainerSecondary": "#fdfcf9",
  "colorBgLayout": "#fcf9f3",
  "colorBgMask": "rgba(23, 21, 3, 0.44)",
  "colorBgSpotlight": "#d1cfc7",
  "colorBgTextActive": "rgba(67, 55, 8, 0.17)",
  "colorBgTextHover": "rgba(91, 73, 10, 0.11)",
  "colorBorder": "#dfddd5",
  "colorBorderSecondary": "#edebe4",
  "colorFill": "rgba(67, 55, 8, 0.17)",
  "colorFillContent": "rgba(91, 73, 10, 0.11)",
  "colorFillContentHover": "rgba(67, 55, 8, 0.17)",
  "colorFillSecondary": "rgba(91, 73, 10, 0.11)",
  "colorFillTertiary": "rgba(195, 135, 15, 0.05)",
  "colorIcon": "#999890",
  "colorIconHover": "#111",
  "colorSplit": "rgba(91,73,10,0.11)",
  "colorText": "#111",
  "colorTextDescription": "#999890",
  "colorTextDisabled": "#b5b3ab",
  "colorTextHeading": "#111",
  "colorTextLabel": "#7f7e76",
  "colorTextPlaceholder": "#b5b3ab",
  "colorTextQuaternary": "#b5b3ab",
  "colorTextSecondary": "#7f7e76",
  "colorTextTertiary": "#999890",
  "controlItemBgActiveDisabled": "rgba(67, 55, 8, 0.17)",
  "controlItemBgHover": "rgba(195, 135, 15, 0.05)",
}
`;

exports[`lobe token (light) > neutral slate 1`] = `
{
  "colorBgContainerDisabled": "rgba(55, 55, 88, 0.03)",
  "colorBgContainerSecondary": "#fcfcfc",
  "colorBgLayout": "#f9f9fa",
  "colorBgMask": "rgba(5, 10, 17, 0.42)",
  "colorBgSpotlight": "#cecfd0",
  "colorBgTextActive": "rgba(5, 12, 19, 0.14)",
  "colorBgTextHover": "rgba(5, 5, 17, 0.08)",
  "colorBorder": "#dcddde",
  "colorBorderSecondary": "#ebebec",
  "colorFill": "rgba(5, 12, 19, 0.14)",
  "colorFillContent": "rgba(5, 5, 17, 0.08)",
  "colorFillContentHover": "rgba(5, 12, 19, 0.14)",
  "colorFillSecondary": "rgba(5, 5, 17, 0.08)",
  "colorFillTertiary": "rgba(55, 55, 88, 0.03)",
  "colorIcon": "#96989b",
  "colorIconHover": "#111",
  "colorSplit": "rgba(5,5,17,0.08)",
  "colorText": "#111",
  "colorTextDescription": "#96989b",
  "colorTextDisabled": "#b1b3b5",
  "colorTextHeading": "#111",
  "colorTextLabel": "#7b7e82",
  "colorTextPlaceholder": "#b1b3b5",
  "colorTextQuaternary": "#b1b3b5",
  "colorTextSecondary": "#7b7e82",
  "colorTextTertiary": "#96989b",
  "controlItemBgActiveDisabled": "rgba(5, 12, 19, 0.14)",
  "controlItemBgHover": "rgba(55, 55, 88, 0.03)",
}
`;

exports[`lobe token (light) > primary blue 1`] = `
{
  "colorPrimary": "#57abf9",
  "colorPrimaryActive": "#0d78ce",
  "colorPrimaryBg": "#fcfcff",
  "colorPrimaryBgHover": "#f2f8ff",
  "colorPrimaryBorder": "#d5e9ff",
  "colorPrimaryBorderHover": "#e5f1ff",
  "colorPrimaryFill": "rgba(8, 126, 255, 0.17)",
  "colorPrimaryFillQuaternary": "rgba(105, 105, 255, 0.02)",
  "colorPrimaryFillSecondary": "rgba(19, 128, 255, 0.11)",
  "colorPrimaryFillTertiary": "rgba(38, 138, 255, 0.06)",
  "colorPrimaryHover": "#76baff",
  "colorPrimaryText": "#57abf9",
  "colorPrimaryTextActive": "#0d78ce",
  "colorPrimaryTextHover": "#76baff",
  "controlItemBgActive": "#fcfcff",
  "controlItemBgActiveHover": "#f2f8ff",
}
`;

exports[`lobe token (light) > primary cyan 1`] = `
{
  "colorPrimary": "#95f3d9",
  "colorPrimaryActive": "#2fa28a",
  "colorPrimaryBg": "#f9fffb",
  "colorPrimaryBgHover": "#effff8",
  "colorPrimaryBorder": "#d8fef0",
  "colorPrimaryBorderHover": "#e3fff4",
  "colorPrimaryFill": "rgba(11, 249, 161, 0.16)",
  "colorPrimaryFillQuaternary": "rgba(55, 255, 122, 0.03)",
  "colorPrimaryFillSecondary": "rgba(0, 255, 155, 0.11)",
  "colorPrimaryFillTertiary": "rgba(26, 255, 155, 0.07)",
  "colorPrimaryHover": "#a5f6de",
  "colorPrimaryText": "#95f3d9",
  "colorPrimaryTextActive": "#2fa28a",
  "colorPrimaryTextHover": "#a5f6de",
  "controlItemBgActive": "#f9fffb",
  "controlItemBgActiveHover": "#effff8",
}
`;

exports[`lobe token (light) > primary geekblue 1`] = `
{
  "colorPrimary": "#0072f5",
  "colorPrimaryActive": "#005ae0",
  "colorPrimaryBg": "#fcfbff",
  "colorPrimaryBgHover": "#f1f5ff",
  "colorPrimaryBorder": "#cedfff",
  "colorPrimaryBorderHover": "#e2ebff",
  "colorPrimaryFill": "rgba(10, 95, 255, 0.2)",
  "colorPrimaryFillQuaternary": "rgba(105, 55, 255, 0.02)",
  "colorPrimaryFillSecondary": "rgba(13, 88, 255, 0.12)",
  "colorPrimaryFillTertiary": "rgba(22, 88, 255, 0.06)",
  "colorPrimaryHover": "#4c90ff",
  "colorPrimaryText": "#0072f5",
  "colorPrimaryTextActive": "#005ae0",
  "colorPrimaryTextHover": "#4c90ff",
  "controlItemBgActive": "#fcfbff",
  "controlItemBgActiveHover": "#f1f5ff",
}
`;

exports[`lobe token (light) > primary gold 1`] = `
{
  "colorPrimary": "#ee9e0b",
  "colorPrimaryActive": "#d59300",
  "colorPrimaryBg": "#fffdff",
  "colorPrimaryBgHover": "#fff9f7",
  "colorPrimaryBorder": "#ffeedc",
  "colorPrimaryBorderHover": "#fff4eb",
  "colorPrimaryFill": "rgba(255, 134, 5, 0.20)",
  "colorPrimaryFillQuaternary": "rgba(255,145,55,0.04)",
  "colorPrimaryFillSecondary": "rgba(255, 117, 5, 0.16)",
  "colorPrimaryFillTertiary": "rgba(255,155,55,0.08)",
  "colorPrimaryHover": "#ffc368",
  "colorPrimaryText": "#ee9e0b",
  "colorPrimaryTextActive": "#d59300",
  "colorPrimaryTextHover": "#ffc368",
  "controlItemBgActive": "#fffdff",
  "controlItemBgActiveHover": "#fff9f7",
}
`;

exports[`lobe token (light) > primary green 1`] = `
{
  "colorPrimary": "#379d4a",
  "colorPrimaryActive": "#007944",
  "colorPrimaryBg": "#f4fdeb",
  "colorPrimaryBgHover": "#e7f8dd",
  "colorPrimaryBorder": "#c7eabd",
  "colorPrimaryBorderHover": "#d8f2ce",
  "colorPrimaryFill": "rgba(40, 174, 1, 0.26)",
  "colorPrimaryFillQuaternary": "rgba(117, 230, 5, 0.06)",
  "colorPrimaryFillSecondary": "rgba(60, 190, 10, 0.14)",
  "colorPrimaryFillTertiary": "rgba(84, 205, 12, 0.10)",
  "colorPrimaryHover": "#71c179",
  "colorPrimaryText": "#379d4a",
  "colorPrimaryTextActive": "#007944",
  "colorPrimaryTextHover": "#71c179",
  "controlItemBgActive": "#f4fdeb",
  "controlItemBgActiveHover": "#e7f8dd",
}
`;

exports[`lobe token (light) > primary lime 1`] = `
{
  "colorPrimary": "#c4f042",
  "colorPrimaryActive": "#769d00",
  "colorPrimaryBg": "#feffeb",
  "colorPrimaryBgHover": "#f9ffd8",
  "colorPrimaryBorder": "#ebfdaf",
  "colorPrimaryBorderHover": "#f2ffc1",
  "colorPrimaryFill": "rgba(193, 249, 5, 0.32)",
  "colorPrimaryFillQuaternary": "rgba(242, 255, 5, 0.08)",
  "colorPrimaryFillSecondary": "rgba(203, 255, 7, 0.25)",
  "colorPrimaryFillTertiary": "rgba(218, 255, 11, 0.16)",
  "colorPrimaryHover": "#cdf35c",
  "colorPrimaryText": "#c4f042",
  "colorPrimaryTextActive": "#769d00",
  "colorPrimaryTextHover": "#cdf35c",
  "controlItemBgActive": "#feffeb",
  "controlItemBgActiveHover": "#f9ffd8",
}
`;

exports[`lobe token (light) > primary magenta 1`] = `
{
  "colorPrimary": "#e34ba9",
  "colorPrimaryActive": "#a32466",
  "colorPrimaryBg": "#fff7f9",
  "colorPrimaryBgHover": "#ffeaf4",
  "colorPrimaryBorder": "#ffc7e7",
  "colorPrimaryBorderHover": "#ffdaee",
  "colorPrimaryFill": "rgba(255, 0, 146, 0.22)",
  "colorPrimaryFillQuaternary": "rgba(255, 55, 105, 0.04)",
  "colorPrimaryFillSecondary": "rgba(255, 8, 142, 0.15)",
  "colorPrimaryFillTertiary": "rgba(255, 22, 133, 0.09)",
  "colorPrimaryHover": "#ef67ba",
  "colorPrimaryText": "#e34ba9",
  "colorPrimaryTextActive": "#a32466",
  "colorPrimaryTextHover": "#ef67ba",
  "controlItemBgActive": "#fff7f9",
  "controlItemBgActiveHover": "#ffeaf4",
}
`;

exports[`lobe token (light) > primary orange 1`] = `
{
  "colorPrimary": "#f88c13",
  "colorPrimaryActive": "#d18000",
  "colorPrimaryBg": "#fffcff",
  "colorPrimaryBgHover": "#fff8f6",
  "colorPrimaryBorder": "#ffe9dd",
  "colorPrimaryBorderHover": "#fff1eb",
  "colorPrimaryFill": "rgba(255, 98, 12, 0.16)",
  "colorPrimaryFillQuaternary": "rgba(255, 105, 255, 0.03)",
  "colorPrimaryFillSecondary": "rgba(255, 80, 5, 0.12)",
  "colorPrimaryFillTertiary": "rgba(255, 80, 30, 0.08)",
  "colorPrimaryHover": "#ffb06a",
  "colorPrimaryText": "#f88c13",
  "colorPrimaryTextActive": "#d18000",
  "colorPrimaryTextHover": "#ffb06a",
  "controlItemBgActive": "#fffcff",
  "controlItemBgActiveHover": "#fff8f6",
}
`;

exports[`lobe token (light) > primary purple 1`] = `
{
  "colorPrimary": "#bd54c6",
  "colorPrimaryActive": "#892b8a",
  "colorPrimaryBg": "#fff6fb",
  "colorPrimaryBgHover": "#ffe7fd",
  "colorPrimaryBorder": "#f6c4f8",
  "colorPrimaryBorderHover": "#fdd6fe",
  "colorPrimaryFill": "rgba(218, 9, 226, 0.24)",
  "colorPrimaryFillQuaternary": "rgba(255, 30, 155, 0.04)",
  "colorPrimaryFillSecondary": "rgba(243, 14, 249, 0.16)",
  "colorPrimaryFillTertiary": "rgba(255, 15, 235, 0.08)",
  "colorPrimaryHover": "#cb6ed2",
  "colorPrimaryText": "#bd54c6",
  "colorPrimaryTextActive": "#892b8a",
  "colorPrimaryTextHover": "#cb6ed2",
  "controlItemBgActive": "#fff6fb",
  "controlItemBgActiveHover": "#ffe7fd",
}
`;

exports[`lobe token (light) > primary red 1`] = `
{
  "colorPrimary": "#f4416c",
  "colorPrimaryActive": "#d6225d",
  "colorPrimaryBg": "#fffbff",
  "colorPrimaryBgHover": "#fff3f3",
  "colorPrimaryBorder": "#ffdadb",
  "colorPrimaryBorderHover": "#ffe8e8",
  "colorPrimaryFill": "rgba(255, 8, 15, 0.15)",
  "colorPrimaryFillQuaternary": "rgba(255, 55, 255, 0.02)",
  "colorPrimaryFillSecondary": "rgba(255, 25, 25, 0.1)",
  "colorPrimaryFillTertiary": "rgba(255, 15, 15, 0.05)",
  "colorPrimaryHover": "#ff6f87",
  "colorPrimaryText": "#f4416c",
  "colorPrimaryTextActive": "#d6225d",
  "colorPrimaryTextHover": "#ff6f87",
  "controlItemBgActive": "#fffbff",
  "controlItemBgActiveHover": "#fff3f3",
}
`;

exports[`lobe token (light) > primary volcano 1`] = `
{
  "colorPrimary": "#ec5e41",
  "colorPrimaryActive": "#a53716",
  "colorPrimaryBg": "#fff7f6",
  "colorPrimaryBgHover": "#ffece9",
  "colorPrimaryBorder": "#ffcec5",
  "colorPrimaryBorderHover": "#ffded9",
  "colorPrimaryFill": "rgba(255, 42, 3, 0.20)",
  "colorPrimaryFillQuaternary": "rgba(255, 55, 30, 0.04)",
  "colorPrimaryFillSecondary": "rgba(255, 35, 2, 0.12)",
  "colorPrimaryFillTertiary": "rgba(255, 44, 11, 0.06)",
  "colorPrimaryHover": "#fb745a",
  "colorPrimaryText": "#ec5e41",
  "colorPrimaryTextActive": "#a53716",
  "colorPrimaryTextHover": "#fb745a",
  "controlItemBgActive": "#fff7f6",
  "controlItemBgActiveHover": "#ffece9",
}
`;

exports[`lobe token (light) > primary yellow 1`] = `
{
  "colorPrimary": "#ffef5c",
  "colorPrimaryActive": "#ab9800",
  "colorPrimaryBg": "#fffeff",
  "colorPrimaryBgHover": "#fffcff",
  "colorPrimaryBorder": "#fffada",
  "colorPrimaryBorderHover": "#fffbf1",
  "colorPrimaryFill": "rgba(255, 222, 8, 0.15)",
  "colorPrimaryFillQuaternary": "rgba(255, 155, 255, 0.01)",
  "colorPrimaryFillSecondary": "rgba(255, 188, 22, 0.06)",
  "colorPrimaryFillTertiary": "rgba(255, 105, 255, 0.02)",
  "colorPrimaryHover": "#fff279",
  "colorPrimaryText": "#ffef5c",
  "colorPrimaryTextActive": "#ab9800",
  "colorPrimaryTextHover": "#fff279",
  "controlItemBgActive": "#fffeff",
  "controlItemBgActiveHover": "#fffcff",
}
`;
